<?xml version="1.0"?>
<link_info>
   <banner>TI ARM Linker PC v16.9.4.LTS</banner>
   <copyright>Copyright (c) 1996-2017 Texas Instruments Incorporated</copyright>
   <link_time>0x5a203237</link_time>
   <link_errors>0x0</link_errors>
   <output_file>Lab_9.1.out</output_file>
   <entry_point>
      <name>_c_int00</name>
      <address>0x3395</address>
   </entry_point>
   <input_file_list>
      <input_file id="fl-2">
         <path>.\</path>
         <kind>object</kind>
         <file>main.obj</file>
         <name>main.obj</name>
      </input_file>
      <input_file id="fl-3">
         <path>.\</path>
         <kind>object</kind>
         <file>startup_msp432p401r_ccs.obj</file>
         <name>startup_msp432p401r_ccs.obj</name>
      </input_file>
      <input_file id="fl-4">
         <path>.\</path>
         <kind>object</kind>
         <file>system_msp432p401r.obj</file>
         <name>system_msp432p401r.obj</name>
      </input_file>
      <input_file id="fl-9">
         <kind>object</kind>
         <file>&lt;internal&gt;</file>
         <name>&lt;internal&gt;</name>
      </input_file>
      <input_file id="fl-a">
         <path>C:\ti\msp432_driverlib_3_21_00_05\driverlib\MSP432P4xx\ccs\</path>
         <kind>archive</kind>
         <file>msp432p4xx_driverlib.lib</file>
         <name>cs.o</name>
      </input_file>
      <input_file id="fl-b">
         <path>C:\ti\msp432_driverlib_3_21_00_05\driverlib\MSP432P4xx\ccs\</path>
         <kind>archive</kind>
         <file>msp432p4xx_driverlib.lib</file>
         <name>gpio.o</name>
      </input_file>
      <input_file id="fl-c">
         <path>C:\ti\msp432_driverlib_3_21_00_05\driverlib\MSP432P4xx\ccs\</path>
         <kind>archive</kind>
         <file>msp432p4xx_driverlib.lib</file>
         <name>i2c.o</name>
      </input_file>
      <input_file id="fl-d">
         <path>C:\ti\msp432_driverlib_3_21_00_05\driverlib\MSP432P4xx\ccs\</path>
         <kind>archive</kind>
         <file>msp432p4xx_driverlib.lib</file>
         <name>interrupt.o</name>
      </input_file>
      <input_file id="fl-e">
         <path>C:\ti\msp432_driverlib_3_21_00_05\driverlib\MSP432P4xx\ccs\</path>
         <kind>archive</kind>
         <file>msp432p4xx_driverlib.lib</file>
         <name>sysctl.o</name>
      </input_file>
      <input_file id="fl-f">
         <path>C:\ti\msp432_driverlib_3_21_00_05\driverlib\MSP432P4xx\ccs\</path>
         <kind>archive</kind>
         <file>msp432p4xx_driverlib.lib</file>
         <name>timer_a.o</name>
      </input_file>
      <input_file id="fl-10">
         <path>C:\ti\msp432_driverlib_3_21_00_05\driverlib\MSP432P4xx\ccs\</path>
         <kind>archive</kind>
         <file>msp432p4xx_driverlib.lib</file>
         <name>wdt_a.o</name>
      </input_file>
      <input_file id="fl-11">
         <path>C:\ti\msp432_driverlib_3_21_00_05\driverlib\MSP432P4xx\ccs\</path>
         <kind>archive</kind>
         <file>msp432p4xx_driverlib.lib</file>
         <name>cpu.o</name>
      </input_file>
      <input_file id="fl-c7">
         <path>C:\ti\ccsv7\tools\compiler\ti-cgt-arm_16.9.4.LTS\lib\</path>
         <kind>archive</kind>
         <file>rtsv7M4_T_le_v4SPD16_eabi.lib</file>
         <name>boot.obj</name>
      </input_file>
      <input_file id="fl-c8">
         <path>C:\ti\ccsv7\tools\compiler\ti-cgt-arm_16.9.4.LTS\lib\</path>
         <kind>archive</kind>
         <file>rtsv7M4_T_le_v4SPD16_eabi.lib</file>
         <name>copy_decompress_lzss.obj</name>
      </input_file>
      <input_file id="fl-c9">
         <path>C:\ti\ccsv7\tools\compiler\ti-cgt-arm_16.9.4.LTS\lib\</path>
         <kind>archive</kind>
         <file>rtsv7M4_T_le_v4SPD16_eabi.lib</file>
         <name>copy_decompress_none.obj</name>
      </input_file>
      <input_file id="fl-ca">
         <path>C:\ti\ccsv7\tools\compiler\ti-cgt-arm_16.9.4.LTS\lib\</path>
         <kind>archive</kind>
         <file>rtsv7M4_T_le_v4SPD16_eabi.lib</file>
         <name>copy_zero_init.obj</name>
      </input_file>
      <input_file id="fl-cb">
         <path>C:\ti\ccsv7\tools\compiler\ti-cgt-arm_16.9.4.LTS\lib\</path>
         <kind>archive</kind>
         <file>rtsv7M4_T_le_v4SPD16_eabi.lib</file>
         <name>exit.obj</name>
      </input_file>
      <input_file id="fl-cc">
         <path>C:\ti\ccsv7\tools\compiler\ti-cgt-arm_16.9.4.LTS\lib\</path>
         <kind>archive</kind>
         <file>rtsv7M4_T_le_v4SPD16_eabi.lib</file>
         <name>memcpy_t2.obj</name>
      </input_file>
      <input_file id="fl-cd">
         <path>C:\ti\ccsv7\tools\compiler\ti-cgt-arm_16.9.4.LTS\lib\</path>
         <kind>archive</kind>
         <file>rtsv7M4_T_le_v4SPD16_eabi.lib</file>
         <name>memset_t2.obj</name>
      </input_file>
      <input_file id="fl-ce">
         <path>C:\ti\ccsv7\tools\compiler\ti-cgt-arm_16.9.4.LTS\lib\</path>
         <kind>archive</kind>
         <file>rtsv7M4_T_le_v4SPD16_eabi.lib</file>
         <name>mpu_init.obj</name>
      </input_file>
      <input_file id="fl-cf">
         <path>C:\ti\ccsv7\tools\compiler\ti-cgt-arm_16.9.4.LTS\lib\</path>
         <kind>archive</kind>
         <file>rtsv7M4_T_le_v4SPD16_eabi.lib</file>
         <name>pre_init.obj</name>
      </input_file>
      <input_file id="fl-d0">
         <path>C:\ti\ccsv7\tools\compiler\ti-cgt-arm_16.9.4.LTS\lib\</path>
         <kind>archive</kind>
         <file>rtsv7M4_T_le_v4SPD16_eabi.lib</file>
         <name>printf.obj</name>
      </input_file>
      <input_file id="fl-d1">
         <path>C:\ti\ccsv7\tools\compiler\ti-cgt-arm_16.9.4.LTS\lib\</path>
         <kind>archive</kind>
         <file>rtsv7M4_T_le_v4SPD16_eabi.lib</file>
         <name>stkdepth_vars.obj</name>
      </input_file>
      <input_file id="fl-d2">
         <path>C:\ti\ccsv7\tools\compiler\ti-cgt-arm_16.9.4.LTS\lib\</path>
         <kind>archive</kind>
         <file>rtsv7M4_T_le_v4SPD16_eabi.lib</file>
         <name>_lock.obj</name>
      </input_file>
      <input_file id="fl-d3">
         <path>C:\ti\ccsv7\tools\compiler\ti-cgt-arm_16.9.4.LTS\lib\</path>
         <kind>archive</kind>
         <file>rtsv7M4_T_le_v4SPD16_eabi.lib</file>
         <name>_printfi.obj</name>
      </input_file>
      <input_file id="fl-d4">
         <path>C:\ti\ccsv7\tools\compiler\ti-cgt-arm_16.9.4.LTS\lib\</path>
         <kind>archive</kind>
         <file>rtsv7M4_T_le_v4SPD16_eabi.lib</file>
         <name>args_main.obj</name>
      </input_file>
      <input_file id="fl-d5">
         <path>C:\ti\ccsv7\tools\compiler\ti-cgt-arm_16.9.4.LTS\lib\</path>
         <kind>archive</kind>
         <file>rtsv7M4_T_le_v4SPD16_eabi.lib</file>
         <name>atoi.obj</name>
      </input_file>
      <input_file id="fl-d6">
         <path>C:\ti\ccsv7\tools\compiler\ti-cgt-arm_16.9.4.LTS\lib\</path>
         <kind>archive</kind>
         <file>rtsv7M4_T_le_v4SPD16_eabi.lib</file>
         <name>autoinit.obj</name>
      </input_file>
      <input_file id="fl-d7">
         <path>C:\ti\ccsv7\tools\compiler\ti-cgt-arm_16.9.4.LTS\lib\</path>
         <kind>archive</kind>
         <file>rtsv7M4_T_le_v4SPD16_eabi.lib</file>
         <name>cpy_tbl.obj</name>
      </input_file>
      <input_file id="fl-d8">
         <path>C:\ti\ccsv7\tools\compiler\ti-cgt-arm_16.9.4.LTS\lib\</path>
         <kind>archive</kind>
         <file>rtsv7M4_T_le_v4SPD16_eabi.lib</file>
         <name>ctype.obj</name>
      </input_file>
      <input_file id="fl-d9">
         <path>C:\ti\ccsv7\tools\compiler\ti-cgt-arm_16.9.4.LTS\lib\</path>
         <kind>archive</kind>
         <file>rtsv7M4_T_le_v4SPD16_eabi.lib</file>
         <name>defs.obj</name>
      </input_file>
      <input_file id="fl-da">
         <path>C:\ti\ccsv7\tools\compiler\ti-cgt-arm_16.9.4.LTS\lib\</path>
         <kind>archive</kind>
         <file>rtsv7M4_T_le_v4SPD16_eabi.lib</file>
         <name>fd_add_t2.obj</name>
      </input_file>
      <input_file id="fl-db">
         <path>C:\ti\ccsv7\tools\compiler\ti-cgt-arm_16.9.4.LTS\lib\</path>
         <kind>archive</kind>
         <file>rtsv7M4_T_le_v4SPD16_eabi.lib</file>
         <name>fd_cmp_t2.obj</name>
      </input_file>
      <input_file id="fl-dc">
         <path>C:\ti\ccsv7\tools\compiler\ti-cgt-arm_16.9.4.LTS\lib\</path>
         <kind>archive</kind>
         <file>rtsv7M4_T_le_v4SPD16_eabi.lib</file>
         <name>fd_div_t2.obj</name>
      </input_file>
      <input_file id="fl-dd">
         <path>C:\ti\ccsv7\tools\compiler\ti-cgt-arm_16.9.4.LTS\lib\</path>
         <kind>archive</kind>
         <file>rtsv7M4_T_le_v4SPD16_eabi.lib</file>
         <name>fd_mul_t2.obj</name>
      </input_file>
      <input_file id="fl-de">
         <path>C:\ti\ccsv7\tools\compiler\ti-cgt-arm_16.9.4.LTS\lib\</path>
         <kind>archive</kind>
         <file>rtsv7M4_T_le_v4SPD16_eabi.lib</file>
         <name>fd_toi_t2.obj</name>
      </input_file>
      <input_file id="fl-df">
         <path>C:\ti\ccsv7\tools\compiler\ti-cgt-arm_16.9.4.LTS\lib\</path>
         <kind>archive</kind>
         <file>rtsv7M4_T_le_v4SPD16_eabi.lib</file>
         <name>fputc.obj</name>
      </input_file>
      <input_file id="fl-e0">
         <path>C:\ti\ccsv7\tools\compiler\ti-cgt-arm_16.9.4.LTS\lib\</path>
         <kind>archive</kind>
         <file>rtsv7M4_T_le_v4SPD16_eabi.lib</file>
         <name>fputs.obj</name>
      </input_file>
      <input_file id="fl-e1">
         <path>C:\ti\ccsv7\tools\compiler\ti-cgt-arm_16.9.4.LTS\lib\</path>
         <kind>archive</kind>
         <file>rtsv7M4_T_le_v4SPD16_eabi.lib</file>
         <name>i_tofd_t2.obj</name>
      </input_file>
      <input_file id="fl-e2">
         <path>C:\ti\ccsv7\tools\compiler\ti-cgt-arm_16.9.4.LTS\lib\</path>
         <kind>archive</kind>
         <file>rtsv7M4_T_le_v4SPD16_eabi.lib</file>
         <name>ltoa.obj</name>
      </input_file>
      <input_file id="fl-e3">
         <path>C:\ti\ccsv7\tools\compiler\ti-cgt-arm_16.9.4.LTS\lib\</path>
         <kind>archive</kind>
         <file>rtsv7M4_T_le_v4SPD16_eabi.lib</file>
         <name>memccpy.obj</name>
      </input_file>
      <input_file id="fl-e4">
         <path>C:\ti\ccsv7\tools\compiler\ti-cgt-arm_16.9.4.LTS\lib\</path>
         <kind>archive</kind>
         <file>rtsv7M4_T_le_v4SPD16_eabi.lib</file>
         <name>memchr.obj</name>
      </input_file>
      <input_file id="fl-e5">
         <path>C:\ti\ccsv7\tools\compiler\ti-cgt-arm_16.9.4.LTS\lib\</path>
         <kind>archive</kind>
         <file>rtsv7M4_T_le_v4SPD16_eabi.lib</file>
         <name>s_frexp.obj</name>
      </input_file>
      <input_file id="fl-e6">
         <path>C:\ti\ccsv7\tools\compiler\ti-cgt-arm_16.9.4.LTS\lib\</path>
         <kind>archive</kind>
         <file>rtsv7M4_T_le_v4SPD16_eabi.lib</file>
         <name>s_scalbn.obj</name>
      </input_file>
      <input_file id="fl-e7">
         <path>C:\ti\ccsv7\tools\compiler\ti-cgt-arm_16.9.4.LTS\lib\</path>
         <kind>archive</kind>
         <file>rtsv7M4_T_le_v4SPD16_eabi.lib</file>
         <name>startup.obj</name>
      </input_file>
      <input_file id="fl-e8">
         <path>C:\ti\ccsv7\tools\compiler\ti-cgt-arm_16.9.4.LTS\lib\</path>
         <kind>archive</kind>
         <file>rtsv7M4_T_le_v4SPD16_eabi.lib</file>
         <name>strchr.obj</name>
      </input_file>
      <input_file id="fl-e9">
         <path>C:\ti\ccsv7\tools\compiler\ti-cgt-arm_16.9.4.LTS\lib\</path>
         <kind>archive</kind>
         <file>rtsv7M4_T_le_v4SPD16_eabi.lib</file>
         <name>strlen.obj</name>
      </input_file>
      <input_file id="fl-ea">
         <path>C:\ti\ccsv7\tools\compiler\ti-cgt-arm_16.9.4.LTS\lib\</path>
         <kind>archive</kind>
         <file>rtsv7M4_T_le_v4SPD16_eabi.lib</file>
         <name>ull_div_t2.obj</name>
      </input_file>
      <input_file id="fl-eb">
         <path>C:\ti\ccsv7\tools\compiler\ti-cgt-arm_16.9.4.LTS\lib\</path>
         <kind>archive</kind>
         <file>rtsv7M4_T_le_v4SPD16_eabi.lib</file>
         <name>write.obj</name>
      </input_file>
      <input_file id="fl-ec">
         <path>C:\ti\ccsv7\tools\compiler\ti-cgt-arm_16.9.4.LTS\lib\</path>
         <kind>archive</kind>
         <file>rtsv7M4_T_le_v4SPD16_eabi.lib</file>
         <name>_io_perm.obj</name>
      </input_file>
      <input_file id="fl-ed">
         <path>C:\ti\ccsv7\tools\compiler\ti-cgt-arm_16.9.4.LTS\lib\</path>
         <kind>archive</kind>
         <file>rtsv7M4_T_le_v4SPD16_eabi.lib</file>
         <name>errno.obj</name>
      </input_file>
      <input_file id="fl-ee">
         <path>C:\ti\ccsv7\tools\compiler\ti-cgt-arm_16.9.4.LTS\lib\</path>
         <kind>archive</kind>
         <file>rtsv7M4_T_le_v4SPD16_eabi.lib</file>
         <name>fflush.obj</name>
      </input_file>
      <input_file id="fl-ef">
         <path>C:\ti\ccsv7\tools\compiler\ti-cgt-arm_16.9.4.LTS\lib\</path>
         <kind>archive</kind>
         <file>rtsv7M4_T_le_v4SPD16_eabi.lib</file>
         <name>fseek.obj</name>
      </input_file>
      <input_file id="fl-f0">
         <path>C:\ti\ccsv7\tools\compiler\ti-cgt-arm_16.9.4.LTS\lib\</path>
         <kind>archive</kind>
         <file>rtsv7M4_T_le_v4SPD16_eabi.lib</file>
         <name>hostclose.obj</name>
      </input_file>
      <input_file id="fl-f1">
         <path>C:\ti\ccsv7\tools\compiler\ti-cgt-arm_16.9.4.LTS\lib\</path>
         <kind>archive</kind>
         <file>rtsv7M4_T_le_v4SPD16_eabi.lib</file>
         <name>hostlseek.obj</name>
      </input_file>
      <input_file id="fl-f2">
         <path>C:\ti\ccsv7\tools\compiler\ti-cgt-arm_16.9.4.LTS\lib\</path>
         <kind>archive</kind>
         <file>rtsv7M4_T_le_v4SPD16_eabi.lib</file>
         <name>hostopen.obj</name>
      </input_file>
      <input_file id="fl-f3">
         <path>C:\ti\ccsv7\tools\compiler\ti-cgt-arm_16.9.4.LTS\lib\</path>
         <kind>archive</kind>
         <file>rtsv7M4_T_le_v4SPD16_eabi.lib</file>
         <name>hostread.obj</name>
      </input_file>
      <input_file id="fl-f4">
         <path>C:\ti\ccsv7\tools\compiler\ti-cgt-arm_16.9.4.LTS\lib\</path>
         <kind>archive</kind>
         <file>rtsv7M4_T_le_v4SPD16_eabi.lib</file>
         <name>hostrename.obj</name>
      </input_file>
      <input_file id="fl-f5">
         <path>C:\ti\ccsv7\tools\compiler\ti-cgt-arm_16.9.4.LTS\lib\</path>
         <kind>archive</kind>
         <file>rtsv7M4_T_le_v4SPD16_eabi.lib</file>
         <name>hostunlink.obj</name>
      </input_file>
      <input_file id="fl-f6">
         <path>C:\ti\ccsv7\tools\compiler\ti-cgt-arm_16.9.4.LTS\lib\</path>
         <kind>archive</kind>
         <file>rtsv7M4_T_le_v4SPD16_eabi.lib</file>
         <name>hostwrite.obj</name>
      </input_file>
      <input_file id="fl-f7">
         <path>C:\ti\ccsv7\tools\compiler\ti-cgt-arm_16.9.4.LTS\lib\</path>
         <kind>archive</kind>
         <file>rtsv7M4_T_le_v4SPD16_eabi.lib</file>
         <name>lseek.obj</name>
      </input_file>
      <input_file id="fl-f8">
         <path>C:\ti\ccsv7\tools\compiler\ti-cgt-arm_16.9.4.LTS\lib\</path>
         <kind>archive</kind>
         <file>rtsv7M4_T_le_v4SPD16_eabi.lib</file>
         <name>s_copysign.obj</name>
      </input_file>
      <input_file id="fl-f9">
         <path>C:\ti\ccsv7\tools\compiler\ti-cgt-arm_16.9.4.LTS\lib\</path>
         <kind>archive</kind>
         <file>rtsv7M4_T_le_v4SPD16_eabi.lib</file>
         <name>setvbuf.obj</name>
      </input_file>
      <input_file id="fl-fa">
         <path>C:\ti\ccsv7\tools\compiler\ti-cgt-arm_16.9.4.LTS\lib\</path>
         <kind>archive</kind>
         <file>rtsv7M4_T_le_v4SPD16_eabi.lib</file>
         <name>strcpy.obj</name>
      </input_file>
      <input_file id="fl-fb">
         <path>C:\ti\ccsv7\tools\compiler\ti-cgt-arm_16.9.4.LTS\lib\</path>
         <kind>archive</kind>
         <file>rtsv7M4_T_le_v4SPD16_eabi.lib</file>
         <name>trgmsg.obj</name>
      </input_file>
      <input_file id="fl-fc">
         <path>C:\ti\ccsv7\tools\compiler\ti-cgt-arm_16.9.4.LTS\lib\</path>
         <kind>archive</kind>
         <file>rtsv7M4_T_le_v4SPD16_eabi.lib</file>
         <name>fopen.obj</name>
      </input_file>
      <input_file id="fl-fd">
         <path>C:\ti\ccsv7\tools\compiler\ti-cgt-arm_16.9.4.LTS\lib\</path>
         <kind>archive</kind>
         <file>rtsv7M4_T_le_v4SPD16_eabi.lib</file>
         <name>memory.obj</name>
      </input_file>
      <input_file id="fl-fe">
         <path>C:\ti\ccsv7\tools\compiler\ti-cgt-arm_16.9.4.LTS\lib\</path>
         <kind>archive</kind>
         <file>rtsv7M4_T_le_v4SPD16_eabi.lib</file>
         <name>open.obj</name>
      </input_file>
      <input_file id="fl-ff">
         <path>C:\ti\ccsv7\tools\compiler\ti-cgt-arm_16.9.4.LTS\lib\</path>
         <kind>archive</kind>
         <file>rtsv7M4_T_le_v4SPD16_eabi.lib</file>
         <name>fclose.obj</name>
      </input_file>
      <input_file id="fl-100">
         <path>C:\ti\ccsv7\tools\compiler\ti-cgt-arm_16.9.4.LTS\lib\</path>
         <kind>archive</kind>
         <file>rtsv7M4_T_le_v4SPD16_eabi.lib</file>
         <name>getdevice.obj</name>
      </input_file>
      <input_file id="fl-101">
         <path>C:\ti\ccsv7\tools\compiler\ti-cgt-arm_16.9.4.LTS\lib\</path>
         <kind>archive</kind>
         <file>rtsv7M4_T_le_v4SPD16_eabi.lib</file>
         <name>remove.obj</name>
      </input_file>
      <input_file id="fl-102">
         <path>C:\ti\ccsv7\tools\compiler\ti-cgt-arm_16.9.4.LTS\lib\</path>
         <kind>archive</kind>
         <file>rtsv7M4_T_le_v4SPD16_eabi.lib</file>
         <name>strcmp.obj</name>
      </input_file>
      <input_file id="fl-103">
         <path>C:\ti\ccsv7\tools\compiler\ti-cgt-arm_16.9.4.LTS\lib\</path>
         <kind>archive</kind>
         <file>rtsv7M4_T_le_v4SPD16_eabi.lib</file>
         <name>strncpy.obj</name>
      </input_file>
      <input_file id="fl-104">
         <path>C:\ti\ccsv7\tools\compiler\ti-cgt-arm_16.9.4.LTS\lib\</path>
         <kind>archive</kind>
         <file>rtsv7M4_T_le_v4SPD16_eabi.lib</file>
         <name>unlink.obj</name>
      </input_file>
      <input_file id="fl-105">
         <path>C:\ti\ccsv7\tools\compiler\ti-cgt-arm_16.9.4.LTS\lib\</path>
         <kind>archive</kind>
         <file>rtsv7M4_T_le_v4SPD16_eabi.lib</file>
         <name>close.obj</name>
      </input_file>
   </input_file_list>
   <object_component_list>
      <object_component id="oc-2c">
         <name>.intvecs:retain</name>
         <load_address>0x0</load_address>
         <run_address>0x0</run_address>
         <size>0xe4</size>
         <input_file_ref idref="fl-3"/>
      </object_component>
      <object_component id="oc-1b8">
         <name>.text</name>
         <load_address>0xe4</load_address>
         <run_address>0xe4</run_address>
         <size>0x113e</size>
         <input_file_ref idref="fl-d3"/>
      </object_component>
      <object_component id="oc-56">
         <name>.text</name>
         <load_address>0x1222</load_address>
         <run_address>0x1222</run_address>
         <size>0x2</size>
         <input_file_ref idref="fl-ce"/>
      </object_component>
      <object_component id="oc-2f6">
         <name>.text</name>
         <load_address>0x1224</load_address>
         <run_address>0x1224</run_address>
         <size>0x3d0</size>
         <input_file_ref idref="fl-fd"/>
      </object_component>
      <object_component id="oc-be">
         <name>.text</name>
         <load_address>0x15f4</load_address>
         <run_address>0x15f4</run_address>
         <size>0x32c</size>
         <input_file_ref idref="fl-4"/>
      </object_component>
      <object_component id="oc-236">
         <name>.text</name>
         <load_address>0x1920</load_address>
         <run_address>0x1920</run_address>
         <size>0x1f4</size>
         <input_file_ref idref="fl-ea"/>
      </object_component>
      <object_component id="oc-2fc">
         <name>.text</name>
         <load_address>0x1b14</load_address>
         <run_address>0x1b14</run_address>
         <size>0x1c4</size>
         <input_file_ref idref="fl-fc"/>
      </object_component>
      <object_component id="oc-25f">
         <name>.text</name>
         <load_address>0x1cd8</load_address>
         <run_address>0x1cd8</run_address>
         <size>0x1b6</size>
         <input_file_ref idref="fl-da"/>
      </object_component>
      <object_component id="oc-a9">
         <name>.text</name>
         <load_address>0x1e8e</load_address>
         <run_address>0x1e8e</run_address>
         <size>0x2</size>
         <input_file_ref idref="fl-e7"/>
      </object_component>
      <object_component id="oc-7e">
         <name>.text</name>
         <load_address>0x1e90</load_address>
         <run_address>0x1e90</run_address>
         <size>0x180</size>
         <input_file_ref idref="fl-2"/>
      </object_component>
      <object_component id="oc-cb">
         <name>.text:CS_setDCOFrequency</name>
         <load_address>0x2010</load_address>
         <run_address>0x2010</run_address>
         <size>0x14c</size>
         <input_file_ref idref="fl-a"/>
      </object_component>
      <object_component id="oc-245">
         <name>.text</name>
         <load_address>0x215c</load_address>
         <run_address>0x215c</run_address>
         <size>0x136</size>
         <input_file_ref idref="fl-dc"/>
      </object_component>
      <object_component id="oc-1b2">
         <name>.text</name>
         <load_address>0x2294</load_address>
         <run_address>0x2294</run_address>
         <size>0x134</size>
         <input_file_ref idref="fl-e0"/>
      </object_component>
      <object_component id="oc-240">
         <name>.text</name>
         <load_address>0x23c8</load_address>
         <run_address>0x23c8</run_address>
         <size>0xfc</size>
         <input_file_ref idref="fl-dd"/>
      </object_component>
      <object_component id="oc-26a">
         <name>.text</name>
         <load_address>0x24c4</load_address>
         <run_address>0x24c4</run_address>
         <size>0xfc</size>
         <input_file_ref idref="fl-e6"/>
      </object_component>
      <object_component id="oc-d1">
         <name>.text:CS_initClockSignal</name>
         <load_address>0x25c0</load_address>
         <run_address>0x25c0</run_address>
         <size>0xe0</size>
         <input_file_ref idref="fl-a"/>
      </object_component>
      <object_component id="oc-2a6">
         <name>.text</name>
         <load_address>0x26a0</load_address>
         <run_address>0x26a0</run_address>
         <size>0xdc</size>
         <input_file_ref idref="fl-f9"/>
      </object_component>
      <object_component id="oc-21a">
         <name>.text</name>
         <load_address>0x277c</load_address>
         <run_address>0x277c</run_address>
         <size>0xc8</size>
         <input_file_ref idref="fl-ee"/>
      </object_component>
      <object_component id="oc-33e">
         <name>.text</name>
         <load_address>0x2844</load_address>
         <run_address>0x2844</run_address>
         <size>0xbc</size>
         <input_file_ref idref="fl-fe"/>
      </object_component>
      <object_component id="oc-18b">
         <name>.text:privateTimer_AProcessClockSourceDivider</name>
         <load_address>0x2900</load_address>
         <run_address>0x2900</run_address>
         <size>0xb2</size>
         <input_file_ref idref="fl-f"/>
      </object_component>
      <object_component id="oc-214">
         <name>.text</name>
         <load_address>0x29b2</load_address>
         <run_address>0x29b2</run_address>
         <size>0xac</size>
         <input_file_ref idref="fl-ec"/>
      </object_component>
      <object_component id="oc-3e">
         <name>.text</name>
         <load_address>0x2a5e</load_address>
         <run_address>0x2a5e</run_address>
         <size>0x9c</size>
         <input_file_ref idref="fl-cc"/>
      </object_component>
      <object_component id="oc-344">
         <name>.text</name>
         <load_address>0x2afc</load_address>
         <run_address>0x2afc</run_address>
         <size>0x98</size>
         <input_file_ref idref="fl-ff"/>
      </object_component>
      <object_component id="oc-1ac">
         <name>.text</name>
         <load_address>0x2b94</load_address>
         <run_address>0x2b94</run_address>
         <size>0x98</size>
         <input_file_ref idref="fl-df"/>
      </object_component>
      <object_component id="oc-23b">
         <name>.text:__aeabi_cdcmple</name>
         <load_address>0x2c2c</load_address>
         <run_address>0x2c2c</run_address>
         <size>0x86</size>
         <input_file_ref idref="fl-db"/>
      </object_component>
      <object_component id="oc-24a">
         <name>.text:__aeabi_cdrcmple</name>
         <load_address>0x2cb2</load_address>
         <run_address>0x2cb2</run_address>
         <size>0x86</size>
         <input_file_ref idref="fl-db"/>
      </object_component>
      <object_component id="oc-4a">
         <name>.text</name>
         <load_address>0x2d38</load_address>
         <run_address>0x2d38</run_address>
         <size>0x7a</size>
         <input_file_ref idref="fl-cd"/>
      </object_component>
      <object_component id="oc-62">
         <name>.text</name>
         <load_address>0x2db4</load_address>
         <run_address>0x2db4</run_address>
         <size>0x70</size>
         <input_file_ref idref="fl-d6"/>
      </object_component>
      <object_component id="oc-381">
         <name>.text</name>
         <load_address>0x2e24</load_address>
         <run_address>0x2e24</run_address>
         <size>0x70</size>
         <input_file_ref idref="fl-100"/>
      </object_component>
      <object_component id="oc-119">
         <name>.text</name>
         <load_address>0x2e94</load_address>
         <run_address>0x2e94</run_address>
         <size>0x70</size>
         <input_file_ref idref="fl-d0"/>
      </object_component>
      <object_component id="oc-373">
         <name>.text</name>
         <load_address>0x2f04</load_address>
         <run_address>0x2f04</run_address>
         <size>0x6c</size>
         <input_file_ref idref="fl-f4"/>
      </object_component>
      <object_component id="oc-14">
         <name>.text:decompress:lzss</name>
         <load_address>0x2f70</load_address>
         <run_address>0x2f70</run_address>
         <size>0x68</size>
         <input_file_ref idref="fl-c8"/>
      </object_component>
      <object_component id="oc-367">
         <name>.text</name>
         <load_address>0x2fd8</load_address>
         <run_address>0x2fd8</run_address>
         <size>0x68</size>
         <input_file_ref idref="fl-f1"/>
      </object_component>
      <object_component id="oc-39b">
         <name>.text</name>
         <load_address>0x3040</load_address>
         <run_address>0x3040</run_address>
         <size>0x68</size>
         <input_file_ref idref="fl-fb"/>
      </object_component>
      <object_component id="oc-dd">
         <name>.text:Interrupt_enableInterrupt</name>
         <load_address>0x30a8</load_address>
         <run_address>0x30a8</run_address>
         <size>0x64</size>
         <input_file_ref idref="fl-d"/>
      </object_component>
      <object_component id="oc-2a0">
         <name>.text</name>
         <load_address>0x310c</load_address>
         <run_address>0x310c</run_address>
         <size>0x64</size>
         <input_file_ref idref="fl-ef"/>
      </object_component>
      <object_component id="oc-264">
         <name>.text</name>
         <load_address>0x3170</load_address>
         <run_address>0x3170</run_address>
         <size>0x64</size>
         <input_file_ref idref="fl-e5"/>
      </object_component>
      <object_component id="oc-34f">
         <name>.text</name>
         <load_address>0x31d4</load_address>
         <run_address>0x31d4</run_address>
         <size>0x60</size>
         <input_file_ref idref="fl-f2"/>
      </object_component>
      <object_component id="oc-38a">
         <name>.text</name>
         <load_address>0x3234</load_address>
         <run_address>0x3234</run_address>
         <size>0x5c</size>
         <input_file_ref idref="fl-105"/>
      </object_component>
      <object_component id="oc-35b">
         <name>.text</name>
         <load_address>0x3290</load_address>
         <run_address>0x3290</run_address>
         <size>0x58</size>
         <input_file_ref idref="fl-f3"/>
      </object_component>
      <object_component id="oc-361">
         <name>.text</name>
         <load_address>0x32e8</load_address>
         <run_address>0x32e8</run_address>
         <size>0x58</size>
         <input_file_ref idref="fl-f6"/>
      </object_component>
      <object_component id="oc-17c">
         <name>.text:CS_tuneDCOFrequency</name>
         <load_address>0x3340</load_address>
         <run_address>0x3340</run_address>
         <size>0x54</size>
         <input_file_ref idref="fl-a"/>
      </object_component>
      <object_component id="oc-26">
         <name>.text</name>
         <load_address>0x3394</load_address>
         <run_address>0x3394</run_address>
         <size>0x54</size>
         <input_file_ref idref="fl-c7"/>
      </object_component>
      <object_component id="oc-6e">
         <name>.text</name>
         <load_address>0x33e8</load_address>
         <run_address>0x33e8</run_address>
         <size>0x54</size>
         <input_file_ref idref="fl-cb"/>
      </object_component>
      <object_component id="oc-254">
         <name>.text</name>
         <load_address>0x343c</load_address>
         <run_address>0x343c</run_address>
         <size>0x54</size>
         <input_file_ref idref="fl-e2"/>
      </object_component>
      <object_component id="oc-176">
         <name>.text:SysCtl_getTLVInfo</name>
         <load_address>0x3490</load_address>
         <run_address>0x3490</run_address>
         <size>0x50</size>
         <input_file_ref idref="fl-e"/>
      </object_component>
      <object_component id="oc-ef">
         <name>.text:GPIO_setAsPeripheralModuleFunctionOutputPin</name>
         <load_address>0x34e0</load_address>
         <run_address>0x34e0</run_address>
         <size>0x4c</size>
         <input_file_ref idref="fl-b"/>
      </object_component>
      <object_component id="oc-276">
         <name>.text</name>
         <load_address>0x352c</load_address>
         <run_address>0x352c</run_address>
         <size>0x4c</size>
         <input_file_ref idref="fl-d5"/>
      </object_component>
      <object_component id="oc-a3">
         <name>.text</name>
         <load_address>0x3578</load_address>
         <run_address>0x3578</run_address>
         <size>0x4c</size>
         <input_file_ref idref="fl-d7"/>
      </object_component>
      <object_component id="oc-24f">
         <name>.text</name>
         <load_address>0x35c4</load_address>
         <run_address>0x35c4</run_address>
         <size>0x48</size>
         <input_file_ref idref="fl-de"/>
      </object_component>
      <object_component id="oc-d7">
         <name>.text:Timer_A_configureUpMode</name>
         <load_address>0x360c</load_address>
         <run_address>0x360c</run_address>
         <size>0x44</size>
         <input_file_ref idref="fl-f"/>
      </object_component>
      <object_component id="oc-355">
         <name>.text</name>
         <load_address>0x3650</load_address>
         <run_address>0x3650</run_address>
         <size>0x44</size>
         <input_file_ref idref="fl-f0"/>
      </object_component>
      <object_component id="oc-36d">
         <name>.text</name>
         <load_address>0x3694</load_address>
         <run_address>0x3694</run_address>
         <size>0x44</size>
         <input_file_ref idref="fl-f5"/>
      </object_component>
      <object_component id="oc-f5">
         <name>.text:I2C_initMaster</name>
         <load_address>0x36d8</load_address>
         <run_address>0x36d8</run_address>
         <size>0x3e</size>
         <input_file_ref idref="fl-c"/>
      </object_component>
      <object_component id="oc-3bd">
         <name>.text</name>
         <load_address>0x3716</load_address>
         <run_address>0x3716</run_address>
         <size>0x36</size>
         <input_file_ref idref="fl-103"/>
      </object_component>
      <object_component id="oc-113">
         <name>.text:I2C_masterReceiveSingleByte</name>
         <load_address>0x374c</load_address>
         <run_address>0x374c</run_address>
         <size>0x30</size>
         <input_file_ref idref="fl-c"/>
      </object_component>
      <object_component id="oc-25a">
         <name>.text</name>
         <load_address>0x377c</load_address>
         <run_address>0x377c</run_address>
         <size>0x2e</size>
         <input_file_ref idref="fl-e1"/>
      </object_component>
      <object_component id="oc-390">
         <name>.text</name>
         <load_address>0x37ac</load_address>
         <run_address>0x37ac</run_address>
         <size>0x2c</size>
         <input_file_ref idref="fl-104"/>
      </object_component>
      <object_component id="oc-2ee">
         <name>.text</name>
         <load_address>0x37d8</load_address>
         <run_address>0x37d8</run_address>
         <size>0x28</size>
         <input_file_ref idref="fl-f7"/>
      </object_component>
      <object_component id="oc-220">
         <name>.text</name>
         <load_address>0x3800</load_address>
         <run_address>0x3800</run_address>
         <size>0x28</size>
         <input_file_ref idref="fl-eb"/>
      </object_component>
      <object_component id="oc-170">
         <name>.text:CS_setDCOCenteredFrequency</name>
         <load_address>0x3828</load_address>
         <run_address>0x3828</run_address>
         <size>0x24</size>
         <input_file_ref idref="fl-a"/>
      </object_component>
      <object_component id="oc-22e">
         <name>.text</name>
         <load_address>0x384c</load_address>
         <run_address>0x384c</run_address>
         <size>0x20</size>
         <input_file_ref idref="fl-e4"/>
      </object_component>
      <object_component id="oc-27c">
         <name>.text</name>
         <load_address>0x386c</load_address>
         <run_address>0x386c</run_address>
         <size>0x1c</size>
         <input_file_ref idref="fl-e3"/>
      </object_component>
      <object_component id="oc-c5">
         <name>.text:WDT_A_holdTimer</name>
         <load_address>0x3888</load_address>
         <run_address>0x3888</run_address>
         <size>0x18</size>
         <input_file_ref idref="fl-10"/>
      </object_component>
      <object_component id="oc-68">
         <name>.text</name>
         <load_address>0x38a0</load_address>
         <run_address>0x38a0</run_address>
         <size>0x18</size>
         <input_file_ref idref="fl-d4"/>
      </object_component>
      <object_component id="oc-3b7">
         <name>.text</name>
         <load_address>0x38b8</load_address>
         <run_address>0x38b8</run_address>
         <size>0x18</size>
         <input_file_ref idref="fl-102"/>
      </object_component>
      <object_component id="oc-270">
         <name>.text</name>
         <load_address>0x38d0</load_address>
         <run_address>0x38d0</run_address>
         <size>0x16</size>
         <input_file_ref idref="fl-e8"/>
      </object_component>
      <object_component id="oc-15a">
         <name>.text</name>
         <load_address>0x38e8</load_address>
         <run_address>0x38e8</run_address>
         <size>0x14</size>
         <input_file_ref idref="fl-d2"/>
      </object_component>
      <object_component id="oc-2d1">
         <name>.text</name>
         <load_address>0x38fc</load_address>
         <run_address>0x38fc</run_address>
         <size>0x14</size>
         <input_file_ref idref="fl-f8"/>
      </object_component>
      <object_component id="oc-3af">
         <name>.text</name>
         <load_address>0x3910</load_address>
         <run_address>0x3910</run_address>
         <size>0x14</size>
         <input_file_ref idref="fl-fa"/>
      </object_component>
      <object_component id="oc-228">
         <name>.text</name>
         <load_address>0x3924</load_address>
         <run_address>0x3924</run_address>
         <size>0x14</size>
         <input_file_ref idref="fl-e9"/>
      </object_component>
      <object_component id="oc-10d">
         <name>.text:I2C_masterReceiveStart</name>
         <load_address>0x3938</load_address>
         <run_address>0x3938</run_address>
         <size>0x10</size>
         <input_file_ref idref="fl-c"/>
      </object_component>
      <object_component id="oc-e9">
         <name>.text:Interrupt_enableMaster</name>
         <load_address>0x3948</load_address>
         <run_address>0x3948</run_address>
         <size>0x10</size>
         <input_file_ref idref="fl-d"/>
      </object_component>
      <object_component id="oc-101">
         <name>.text:I2C_setMode</name>
         <load_address>0x3958</load_address>
         <run_address>0x3958</run_address>
         <size>0xe</size>
         <input_file_ref idref="fl-c"/>
      </object_component>
      <object_component id="oc-1a">
         <name>.text:decompress:none</name>
         <load_address>0x3966</load_address>
         <run_address>0x3966</run_address>
         <size>0xe</size>
         <input_file_ref idref="fl-c9"/>
      </object_component>
      <object_component id="oc-78">
         <name>.text</name>
         <load_address>0x3974</load_address>
         <run_address>0x3974</run_address>
         <size>0xe</size>
         <input_file_ref idref="fl-3"/>
      </object_component>
      <object_component id="oc-199">
         <name>.text:CPU_cpsie</name>
         <load_address>0x3982</load_address>
         <run_address>0x3982</run_address>
         <size>0xc</size>
         <input_file_ref idref="fl-11"/>
      </object_component>
      <object_component id="oc-107">
         <name>.text:I2C_enableModule</name>
         <load_address>0x398e</load_address>
         <run_address>0x398e</run_address>
         <size>0xc</size>
         <input_file_ref idref="fl-c"/>
      </object_component>
      <object_component id="oc-11f">
         <name>.text:Timer_A_clearInterruptFlag</name>
         <load_address>0x399a</load_address>
         <run_address>0x399a</run_address>
         <size>0xc</size>
         <input_file_ref idref="fl-f"/>
      </object_component>
      <object_component id="oc-20">
         <name>.text:decompress:ZI</name>
         <load_address>0x39a6</load_address>
         <run_address>0x39a6</run_address>
         <size>0xc</size>
         <input_file_ref idref="fl-ca"/>
      </object_component>
      <object_component id="oc-e3">
         <name>.text:Timer_A_startCounter</name>
         <load_address>0x39b2</load_address>
         <run_address>0x39b2</run_address>
         <size>0x8</size>
         <input_file_ref idref="fl-f"/>
      </object_component>
      <object_component id="oc-fb">
         <name>.text:I2C_setSlaveAddress</name>
         <load_address>0x39ba</load_address>
         <run_address>0x39ba</run_address>
         <size>0x4</size>
         <input_file_ref idref="fl-c"/>
      </object_component>
      <object_component id="oc-5c">
         <name>.text</name>
         <load_address>0x39be</load_address>
         <run_address>0x39be</run_address>
         <size>0x4</size>
         <input_file_ref idref="fl-cf"/>
      </object_component>
      <object_component id="oc-2de">
         <name>.const:.string:_ctypes_</name>
         <load_address>0x39c4</load_address>
         <run_address>0x39c4</run_address>
         <size>0x101</size>
         <input_file_ref idref="fl-d8"/>
      </object_component>
      <object_component id="oc-193">
         <name>.const</name>
         <load_address>0x3ac8</load_address>
         <run_address>0x3ac8</run_address>
         <size>0x40</size>
         <input_file_ref idref="fl-d"/>
      </object_component>
      <object_component id="oc-125">
         <name>.const:config</name>
         <load_address>0x3b08</load_address>
         <run_address>0x3b08</run_address>
         <size>0x18</size>
         <input_file_ref idref="fl-2"/>
      </object_component>
      <object_component id="oc-422">
         <name>.cinit..data.load</name>
         <load_address>0x3b20</load_address>
         <run_address>0x3b20</run_address>
         <size>0xa1</size>
      </object_component>
      <object_component id="oc-420">
         <name>__TI_handler_table</name>
         <load_address>0x3bc4</load_address>
         <run_address>0x3bc4</run_address>
         <size>0xc</size>
      </object_component>
      <object_component id="oc-423">
         <name>.cinit..bss.load</name>
         <load_address>0x3bd0</load_address>
         <run_address>0x3bd0</run_address>
         <size>0x8</size>
      </object_component>
      <object_component id="oc-421">
         <name>__TI_cinit_table</name>
         <load_address>0x3bd8</load_address>
         <run_address>0x3bd8</run_address>
         <size>0x10</size>
      </object_component>
      <object_component id="oc-3fd">
         <name>.binit</name>
         <load_address>0x0</load_address>
         <run_address>0x0</run_address>
         <size>0x0</size>
      </object_component>
      <object_component id="oc-128">
         <name>.data</name>
         <load_address>0x20000624</load_address>
         <run_address>0x20000624</run_address>
         <size>0xc</size>
         <input_file_ref idref="fl-2"/>
      </object_component>
      <object_component id="oc-12b">
         <name>.data:i2cConfig</name>
         <load_address>0x200005e8</load_address>
         <run_address>0x200005e8</run_address>
         <size>0x14</size>
         <input_file_ref idref="fl-2"/>
      </object_component>
      <object_component id="oc-166">
         <name>.data</name>
         <load_address>0x20000648</load_address>
         <run_address>0x20000648</run_address>
         <size>0x4</size>
         <input_file_ref idref="fl-4"/>
      </object_component>
      <object_component id="oc-1a0">
         <name>.data:GPIO_PORT_TO_BASE</name>
         <load_address>0x200005b8</load_address>
         <run_address>0x200005b8</run_address>
         <size>0x30</size>
         <input_file_ref idref="fl-b"/>
      </object_component>
      <object_component id="oc-b3">
         <name>.data:$O1$$</name>
         <load_address>0x2000060c</load_address>
         <run_address>0x2000060c</run_address>
         <size>0xc</size>
         <input_file_ref idref="fl-cb"/>
      </object_component>
      <object_component id="oc-74">
         <name>.data</name>
         <load_address>0x20000644</load_address>
         <run_address>0x20000644</run_address>
         <size>0x4</size>
         <input_file_ref idref="fl-d1"/>
      </object_component>
      <object_component id="oc-b6">
         <name>.data:$O1$$</name>
         <load_address>0x20000630</load_address>
         <run_address>0x20000630</run_address>
         <size>0x8</size>
         <input_file_ref idref="fl-d2"/>
      </object_component>
      <object_component id="oc-1be">
         <name>.data:_ftable</name>
         <load_address>0x20000400</load_address>
         <run_address>0x20000400</run_address>
         <size>0xf0</size>
         <input_file_ref idref="fl-d9"/>
      </object_component>
      <object_component id="oc-2ae">
         <name>.data</name>
         <load_address>0x200005fc</load_address>
         <run_address>0x200005fc</run_address>
         <size>0x10</size>
         <input_file_ref idref="fl-d9"/>
      </object_component>
      <object_component id="oc-30f">
         <name>.data:_device</name>
         <load_address>0x200004f0</load_address>
         <run_address>0x200004f0</run_address>
         <size>0x78</size>
         <input_file_ref idref="fl-eb"/>
      </object_component>
      <object_component id="oc-2b3">
         <name>.data:_stream</name>
         <load_address>0x20000568</load_address>
         <run_address>0x20000568</run_address>
         <size>0x50</size>
         <input_file_ref idref="fl-eb"/>
      </object_component>
      <object_component id="oc-2d7">
         <name>.data</name>
         <load_address>0x20000638</load_address>
         <run_address>0x20000638</run_address>
         <size>0x4</size>
         <input_file_ref idref="fl-ed"/>
      </object_component>
      <object_component id="oc-34a">
         <name>.data</name>
         <load_address>0x2000063c</load_address>
         <run_address>0x2000063c</run_address>
         <size>0x4</size>
         <input_file_ref idref="fl-fc"/>
      </object_component>
      <object_component id="oc-33a">
         <name>.data:$O1$$</name>
         <load_address>0x20000618</load_address>
         <run_address>0x20000618</run_address>
         <size>0xc</size>
         <input_file_ref idref="fl-fd"/>
      </object_component>
      <object_component id="oc-387">
         <name>.data</name>
         <load_address>0x20000640</load_address>
         <run_address>0x20000640</run_address>
         <size>0x4</size>
         <input_file_ref idref="fl-fe"/>
      </object_component>
      <object_component id="oc-3cd">
         <name>.bss:_CIOBUF_</name>
         <uninitialized>true</uninitialized>
         <run_address>0x2000064c</run_address>
         <size>0x120</size>
         <input_file_ref idref="fl-fb"/>
      </object_component>
      <object_component id="oc-12e">
         <name>.common:temp</name>
         <uninitialized>true</uninitialized>
         <run_address>0x20000814</run_address>
         <size>0x4</size>
      </object_component>
      <object_component id="oc-396">
         <name>.common:__TI_tmpnams</name>
         <uninitialized>true</uninitialized>
         <run_address>0x2000076c</run_address>
         <size>0xa0</size>
      </object_component>
      <object_component id="oc-3a1">
         <name>.common:parmbuf</name>
         <uninitialized>true</uninitialized>
         <run_address>0x2000080c</run_address>
         <size>0x8</size>
      </object_component>
      <object_component id="oc-30">
         <name>.sysmem</name>
         <uninitialized>true</uninitialized>
         <run_address>0x20000000</run_address>
         <size>0x8</size>
         <input_file_ref idref="fl-fd"/>
      </object_component>
      <object_component id="oc-425">
         <name>.sysmem</name>
         <uninitialized>true</uninitialized>
         <run_address>0x20000000</run_address>
         <size>0x0</size>
      </object_component>
      <object_component id="oc-2f">
         <name>.stack</name>
         <uninitialized>true</uninitialized>
         <run_address>0x2000fe00</run_address>
         <size>0x0</size>
         <input_file_ref idref="fl-c7"/>
      </object_component>
      <object_component id="oc-424">
         <name>.stack</name>
         <uninitialized>true</uninitialized>
         <run_address>0x2000fe00</run_address>
         <size>0x0</size>
      </object_component>
      <object_component id="oc-12f">
         <name>.debug_info</name>
         <load_address>0x0</load_address>
         <run_address>0x0</run_address>
         <size>0x940</size>
         <input_file_ref idref="fl-2"/>
      </object_component>
      <object_component id="oc-129">
         <name>.debug_info</name>
         <load_address>0x940</load_address>
         <run_address>0x940</run_address>
         <size>0xfc</size>
         <input_file_ref idref="fl-2"/>
      </object_component>
      <object_component id="oc-126">
         <name>.debug_info</name>
         <load_address>0xa3c</load_address>
         <run_address>0xa3c</run_address>
         <size>0xc2</size>
         <input_file_ref idref="fl-2"/>
      </object_component>
      <object_component id="oc-12c">
         <name>.debug_info</name>
         <load_address>0xafe</load_address>
         <run_address>0xafe</run_address>
         <size>0xc8</size>
         <input_file_ref idref="fl-2"/>
      </object_component>
      <object_component id="oc-7f">
         <name>.debug_info</name>
         <load_address>0xbc6</load_address>
         <run_address>0xbc6</run_address>
         <size>0x3c9</size>
         <input_file_ref idref="fl-2"/>
      </object_component>
      <object_component id="oc-1d1">
         <name>.debug_info</name>
         <load_address>0xf8f</load_address>
         <run_address>0xf8f</run_address>
         <size>0x9a</size>
         <input_file_ref idref="fl-2"/>
      </object_component>
      <object_component id="oc-1db">
         <name>.debug_info</name>
         <load_address>0x1029</load_address>
         <run_address>0x1029</run_address>
         <size>0x1055</size>
         <input_file_ref idref="fl-2"/>
      </object_component>
      <object_component id="oc-1d6">
         <name>.debug_info</name>
         <load_address>0x207e</load_address>
         <run_address>0x207e</run_address>
         <size>0x37cd</size>
         <input_file_ref idref="fl-2"/>
      </object_component>
      <object_component id="oc-1fc">
         <name>.debug_info</name>
         <load_address>0x584b</load_address>
         <run_address>0x584b</run_address>
         <size>0x1b5</size>
         <input_file_ref idref="fl-2"/>
      </object_component>
      <object_component id="oc-1e0">
         <name>.debug_info</name>
         <load_address>0x5a00</load_address>
         <run_address>0x5a00</run_address>
         <size>0x341</size>
         <input_file_ref idref="fl-2"/>
      </object_component>
      <object_component id="oc-185">
         <name>.debug_info</name>
         <load_address>0x5d41</load_address>
         <run_address>0x5d41</run_address>
         <size>0x8b</size>
         <input_file_ref idref="fl-2"/>
      </object_component>
      <object_component id="oc-16a">
         <name>.debug_info</name>
         <load_address>0x5dcc</load_address>
         <run_address>0x5dcc</run_address>
         <size>0x18b</size>
         <input_file_ref idref="fl-2"/>
      </object_component>
      <object_component id="oc-1c3">
         <name>.debug_info</name>
         <load_address>0x5f57</load_address>
         <run_address>0x5f57</run_address>
         <size>0x4e</size>
         <input_file_ref idref="fl-2"/>
      </object_component>
      <object_component id="oc-86">
         <name>.debug_info</name>
         <load_address>0x5fa5</load_address>
         <run_address>0x5fa5</run_address>
         <size>0x2ab</size>
         <input_file_ref idref="fl-3"/>
      </object_component>
      <object_component id="oc-2d">
         <name>.debug_info</name>
         <load_address>0x6250</load_address>
         <run_address>0x6250</run_address>
         <size>0xe9</size>
         <input_file_ref idref="fl-3"/>
      </object_component>
      <object_component id="oc-79">
         <name>.debug_info</name>
         <load_address>0x6339</load_address>
         <run_address>0x6339</run_address>
         <size>0x1b0</size>
         <input_file_ref idref="fl-3"/>
      </object_component>
      <object_component id="oc-39">
         <name>.debug_info</name>
         <load_address>0x64e9</load_address>
         <run_address>0x64e9</run_address>
         <size>0x84</size>
         <input_file_ref idref="fl-3"/>
      </object_component>
      <object_component id="oc-167">
         <name>.debug_info</name>
         <load_address>0x656d</load_address>
         <run_address>0x656d</run_address>
         <size>0xe2</size>
         <input_file_ref idref="fl-4"/>
      </object_component>
      <object_component id="oc-c0">
         <name>.debug_info</name>
         <load_address>0x664f</load_address>
         <run_address>0x664f</run_address>
         <size>0x254</size>
         <input_file_ref idref="fl-4"/>
      </object_component>
      <object_component id="oc-183">
         <name>.debug_info</name>
         <load_address>0x68a3</load_address>
         <run_address>0x68a3</run_address>
         <size>0x5ef</size>
         <input_file_ref idref="fl-a"/>
      </object_component>
      <object_component id="oc-17d">
         <name>.debug_info</name>
         <load_address>0x6e92</load_address>
         <run_address>0x6e92</run_address>
         <size>0x17e</size>
         <input_file_ref idref="fl-a"/>
      </object_component>
      <object_component id="oc-171">
         <name>.debug_info</name>
         <load_address>0x7010</load_address>
         <run_address>0x7010</run_address>
         <size>0x132</size>
         <input_file_ref idref="fl-a"/>
      </object_component>
      <object_component id="oc-cc">
         <name>.debug_info</name>
         <load_address>0x7142</load_address>
         <run_address>0x7142</run_address>
         <size>0x22b</size>
         <input_file_ref idref="fl-a"/>
      </object_component>
      <object_component id="oc-d2">
         <name>.debug_info</name>
         <load_address>0x736d</load_address>
         <run_address>0x736d</run_address>
         <size>0x1b9</size>
         <input_file_ref idref="fl-a"/>
      </object_component>
      <object_component id="oc-201">
         <name>.debug_info</name>
         <load_address>0x7526</load_address>
         <run_address>0x7526</run_address>
         <size>0x103e</size>
         <input_file_ref idref="fl-a"/>
      </object_component>
      <object_component id="oc-1a4">
         <name>.debug_info</name>
         <load_address>0x8564</load_address>
         <run_address>0x8564</run_address>
         <size>0x4a4</size>
         <input_file_ref idref="fl-b"/>
      </object_component>
      <object_component id="oc-1a1">
         <name>.debug_info</name>
         <load_address>0x8a08</load_address>
         <run_address>0x8a08</run_address>
         <size>0xd0</size>
         <input_file_ref idref="fl-b"/>
      </object_component>
      <object_component id="oc-f0">
         <name>.debug_info</name>
         <load_address>0x8ad8</load_address>
         <run_address>0x8ad8</run_address>
         <size>0x1dd</size>
         <input_file_ref idref="fl-b"/>
      </object_component>
      <object_component id="oc-1a6">
         <name>.debug_info</name>
         <load_address>0x8cb5</load_address>
         <run_address>0x8cb5</run_address>
         <size>0x4ac</size>
         <input_file_ref idref="fl-c"/>
      </object_component>
      <object_component id="oc-fc">
         <name>.debug_info</name>
         <load_address>0x9161</load_address>
         <run_address>0x9161</run_address>
         <size>0x182</size>
         <input_file_ref idref="fl-c"/>
      </object_component>
      <object_component id="oc-102">
         <name>.debug_info</name>
         <load_address>0x92e3</load_address>
         <run_address>0x92e3</run_address>
         <size>0x152</size>
         <input_file_ref idref="fl-c"/>
      </object_component>
      <object_component id="oc-10e">
         <name>.debug_info</name>
         <load_address>0x9435</load_address>
         <run_address>0x9435</run_address>
         <size>0x149</size>
         <input_file_ref idref="fl-c"/>
      </object_component>
      <object_component id="oc-114">
         <name>.debug_info</name>
         <load_address>0x957e</load_address>
         <run_address>0x957e</run_address>
         <size>0x154</size>
         <input_file_ref idref="fl-c"/>
      </object_component>
      <object_component id="oc-f6">
         <name>.debug_info</name>
         <load_address>0x96d2</load_address>
         <run_address>0x96d2</run_address>
         <size>0x160</size>
         <input_file_ref idref="fl-c"/>
      </object_component>
      <object_component id="oc-108">
         <name>.debug_info</name>
         <load_address>0x9832</load_address>
         <run_address>0x9832</run_address>
         <size>0x13a</size>
         <input_file_ref idref="fl-c"/>
      </object_component>
      <object_component id="oc-197">
         <name>.debug_info</name>
         <load_address>0x996c</load_address>
         <run_address>0x996c</run_address>
         <size>0x432</size>
         <input_file_ref idref="fl-d"/>
      </object_component>
      <object_component id="oc-194">
         <name>.debug_info</name>
         <load_address>0x9d9e</load_address>
         <run_address>0x9d9e</run_address>
         <size>0x173</size>
         <input_file_ref idref="fl-d"/>
      </object_component>
      <object_component id="oc-ec">
         <name>.debug_info</name>
         <load_address>0x9f11</load_address>
         <run_address>0x9f11</run_address>
         <size>0x122</size>
         <input_file_ref idref="fl-d"/>
      </object_component>
      <object_component id="oc-e0">
         <name>.debug_info</name>
         <load_address>0xa033</load_address>
         <run_address>0xa033</run_address>
         <size>0x16b</size>
         <input_file_ref idref="fl-d"/>
      </object_component>
      <object_component id="oc-1f8">
         <name>.debug_info</name>
         <load_address>0xa19e</load_address>
         <run_address>0xa19e</run_address>
         <size>0x379</size>
         <input_file_ref idref="fl-e"/>
      </object_component>
      <object_component id="oc-179">
         <name>.debug_info</name>
         <load_address>0xa517</load_address>
         <run_address>0xa517</run_address>
         <size>0x1d6</size>
         <input_file_ref idref="fl-e"/>
      </object_component>
      <object_component id="oc-192">
         <name>.debug_info</name>
         <load_address>0xa6ed</load_address>
         <run_address>0xa6ed</run_address>
         <size>0x4f5</size>
         <input_file_ref idref="fl-f"/>
      </object_component>
      <object_component id="oc-e7">
         <name>.debug_info</name>
         <load_address>0xabe2</load_address>
         <run_address>0xabe2</run_address>
         <size>0x160</size>
         <input_file_ref idref="fl-f"/>
      </object_component>
      <object_component id="oc-18c">
         <name>.debug_info</name>
         <load_address>0xad42</load_address>
         <run_address>0xad42</run_address>
         <size>0x1af</size>
         <input_file_ref idref="fl-f"/>
      </object_component>
      <object_component id="oc-d8">
         <name>.debug_info</name>
         <load_address>0xaef1</load_address>
         <run_address>0xaef1</run_address>
         <size>0x188</size>
         <input_file_ref idref="fl-f"/>
      </object_component>
      <object_component id="oc-120">
         <name>.debug_info</name>
         <load_address>0xb079</load_address>
         <run_address>0xb079</run_address>
         <size>0x139</size>
         <input_file_ref idref="fl-f"/>
      </object_component>
      <object_component id="oc-c6">
         <name>.debug_info</name>
         <load_address>0xb1b2</load_address>
         <run_address>0xb1b2</run_address>
         <size>0x115</size>
         <input_file_ref idref="fl-10"/>
      </object_component>
      <object_component id="oc-19a">
         <name>.debug_info</name>
         <load_address>0xb2c7</load_address>
         <run_address>0xb2c7</run_address>
         <size>0xe7</size>
         <input_file_ref idref="fl-11"/>
      </object_component>
      <object_component id="oc-28">
         <name>.debug_info</name>
         <load_address>0xb3ae</load_address>
         <run_address>0xb3ae</run_address>
         <size>0x160</size>
         <input_file_ref idref="fl-c7"/>
      </object_component>
      <object_component id="oc-90">
         <name>.debug_info</name>
         <load_address>0xb50e</load_address>
         <run_address>0xb50e</run_address>
         <size>0x293</size>
         <input_file_ref idref="fl-c8"/>
      </object_component>
      <object_component id="oc-15">
         <name>.debug_info</name>
         <load_address>0xb7a1</load_address>
         <run_address>0xb7a1</run_address>
         <size>0x245</size>
         <input_file_ref idref="fl-c8"/>
      </object_component>
      <object_component id="oc-34">
         <name>.debug_info</name>
         <load_address>0xb9e6</load_address>
         <run_address>0xb9e6</run_address>
         <size>0x60</size>
         <input_file_ref idref="fl-c8"/>
      </object_component>
      <object_component id="oc-8b">
         <name>.debug_info</name>
         <load_address>0xba46</load_address>
         <run_address>0xba46</run_address>
         <size>0x46</size>
         <input_file_ref idref="fl-c8"/>
      </object_component>
      <object_component id="oc-49">
         <name>.debug_info</name>
         <load_address>0xba8c</load_address>
         <run_address>0xba8c</run_address>
         <size>0x2da</size>
         <input_file_ref idref="fl-c9"/>
      </object_component>
      <object_component id="oc-1b">
         <name>.debug_info</name>
         <load_address>0xbd66</load_address>
         <run_address>0xbd66</run_address>
         <size>0x1df</size>
         <input_file_ref idref="fl-c9"/>
      </object_component>
      <object_component id="oc-44">
         <name>.debug_info</name>
         <load_address>0xbf45</load_address>
         <run_address>0xbf45</run_address>
         <size>0x46</size>
         <input_file_ref idref="fl-c9"/>
      </object_component>
      <object_component id="oc-92">
         <name>.debug_info</name>
         <load_address>0xbf8b</load_address>
         <run_address>0xbf8b</run_address>
         <size>0x2c</size>
         <input_file_ref idref="fl-c9"/>
      </object_component>
      <object_component id="oc-55">
         <name>.debug_info</name>
         <load_address>0xbfb7</load_address>
         <run_address>0xbfb7</run_address>
         <size>0x2c9</size>
         <input_file_ref idref="fl-ca"/>
      </object_component>
      <object_component id="oc-21">
         <name>.debug_info</name>
         <load_address>0xc280</load_address>
         <run_address>0xc280</run_address>
         <size>0x1aa</size>
         <input_file_ref idref="fl-ca"/>
      </object_component>
      <object_component id="oc-50">
         <name>.debug_info</name>
         <load_address>0xc42a</load_address>
         <run_address>0xc42a</run_address>
         <size>0x46</size>
         <input_file_ref idref="fl-ca"/>
      </object_component>
      <object_component id="oc-9a">
         <name>.debug_info</name>
         <load_address>0xc470</load_address>
         <run_address>0xc470</run_address>
         <size>0x2c</size>
         <input_file_ref idref="fl-ca"/>
      </object_component>
      <object_component id="oc-ba">
         <name>.debug_info</name>
         <load_address>0xc49c</load_address>
         <run_address>0xc49c</run_address>
         <size>0x3ce</size>
         <input_file_ref idref="fl-cb"/>
      </object_component>
      <object_component id="oc-b4">
         <name>.debug_info</name>
         <load_address>0xc86a</load_address>
         <run_address>0xc86a</run_address>
         <size>0x185</size>
         <input_file_ref idref="fl-cb"/>
      </object_component>
      <object_component id="oc-70">
         <name>.debug_info</name>
         <load_address>0xc9ef</load_address>
         <run_address>0xc9ef</run_address>
         <size>0x214</size>
         <input_file_ref idref="fl-cb"/>
      </object_component>
      <object_component id="oc-3f">
         <name>.debug_info</name>
         <load_address>0xcc03</load_address>
         <run_address>0xcc03</run_address>
         <size>0x111</size>
         <input_file_ref idref="fl-cc"/>
      </object_component>
      <object_component id="oc-4c">
         <name>.debug_info</name>
         <load_address>0xcd14</load_address>
         <run_address>0xcd14</run_address>
         <size>0x13f</size>
         <input_file_ref idref="fl-cd"/>
      </object_component>
      <object_component id="oc-57">
         <name>.debug_info</name>
         <load_address>0xce53</load_address>
         <run_address>0xce53</run_address>
         <size>0x138</size>
         <input_file_ref idref="fl-ce"/>
      </object_component>
      <object_component id="oc-5f">
         <name>.debug_info</name>
         <load_address>0xcf8b</load_address>
         <run_address>0xcf8b</run_address>
         <size>0x148</size>
         <input_file_ref idref="fl-cf"/>
      </object_component>
      <object_component id="oc-1c2">
         <name>.debug_info</name>
         <load_address>0xd0d3</load_address>
         <run_address>0xd0d3</run_address>
         <size>0x3c6</size>
         <input_file_ref idref="fl-d0"/>
      </object_component>
      <object_component id="oc-11c">
         <name>.debug_info</name>
         <load_address>0xd499</load_address>
         <run_address>0xd499</run_address>
         <size>0x284</size>
         <input_file_ref idref="fl-d0"/>
      </object_component>
      <object_component id="oc-299">
         <name>.debug_info</name>
         <load_address>0xd71d</load_address>
         <run_address>0xd71d</run_address>
         <size>0xae</size>
         <input_file_ref idref="fl-d0"/>
      </object_component>
      <object_component id="oc-75">
         <name>.debug_info</name>
         <load_address>0xd7cb</load_address>
         <run_address>0xd7cb</run_address>
         <size>0x109</size>
         <input_file_ref idref="fl-d1"/>
      </object_component>
      <object_component id="oc-162">
         <name>.debug_info</name>
         <load_address>0xd8d4</load_address>
         <run_address>0xd8d4</run_address>
         <size>0x2be</size>
         <input_file_ref idref="fl-d2"/>
      </object_component>
      <object_component id="oc-b7">
         <name>.debug_info</name>
         <load_address>0xdb92</load_address>
         <run_address>0xdb92</run_address>
         <size>0x113</size>
         <input_file_ref idref="fl-d2"/>
      </object_component>
      <object_component id="oc-15d">
         <name>.debug_info</name>
         <load_address>0xdca5</load_address>
         <run_address>0xdca5</run_address>
         <size>0x21f</size>
         <input_file_ref idref="fl-d2"/>
      </object_component>
      <object_component id="oc-283">
         <name>.debug_info</name>
         <load_address>0xdec4</load_address>
         <run_address>0xdec4</run_address>
         <size>0x51f</size>
         <input_file_ref idref="fl-d3"/>
      </object_component>
      <object_component id="oc-1bb">
         <name>.debug_info</name>
         <load_address>0xe3e3</load_address>
         <run_address>0xe3e3</run_address>
         <size>0x1543</size>
         <input_file_ref idref="fl-d3"/>
      </object_component>
      <object_component id="oc-284">
         <name>.debug_info</name>
         <load_address>0xf926</load_address>
         <run_address>0xf926</run_address>
         <size>0x86</size>
         <input_file_ref idref="fl-d3"/>
      </object_component>
      <object_component id="oc-28e">
         <name>.debug_info</name>
         <load_address>0xf9ac</load_address>
         <run_address>0xf9ac</run_address>
         <size>0x2c</size>
         <input_file_ref idref="fl-d3"/>
      </object_component>
      <object_component id="oc-2e7">
         <name>.debug_info</name>
         <load_address>0xf9d8</load_address>
         <run_address>0xf9d8</run_address>
         <size>0x46</size>
         <input_file_ref idref="fl-d3"/>
      </object_component>
      <object_component id="oc-289">
         <name>.debug_info</name>
         <load_address>0xfa1e</load_address>
         <run_address>0xfa1e</run_address>
         <size>0x39</size>
         <input_file_ref idref="fl-d3"/>
      </object_component>
      <object_component id="oc-b2">
         <name>.debug_info</name>
         <load_address>0xfa57</load_address>
         <run_address>0xfa57</run_address>
         <size>0x300</size>
         <input_file_ref idref="fl-d4"/>
      </object_component>
      <object_component id="oc-6b">
         <name>.debug_info</name>
         <load_address>0xfd57</load_address>
         <run_address>0xfd57</run_address>
         <size>0x167</size>
         <input_file_ref idref="fl-d4"/>
      </object_component>
      <object_component id="oc-153">
         <name>.debug_info</name>
         <load_address>0xfebe</load_address>
         <run_address>0xfebe</run_address>
         <size>0x5e</size>
         <input_file_ref idref="fl-d4"/>
      </object_component>
      <object_component id="oc-2e2">
         <name>.debug_info</name>
         <load_address>0xff1c</load_address>
         <run_address>0xff1c</run_address>
         <size>0x2ae</size>
         <input_file_ref idref="fl-d5"/>
      </object_component>
      <object_component id="oc-277">
         <name>.debug_info</name>
         <load_address>0x101ca</load_address>
         <run_address>0x101ca</run_address>
         <size>0x171</size>
         <input_file_ref idref="fl-d5"/>
      </object_component>
      <object_component id="oc-b0">
         <name>.debug_info</name>
         <load_address>0x1033b</load_address>
         <run_address>0x1033b</run_address>
         <size>0x483</size>
         <input_file_ref idref="fl-d6"/>
      </object_component>
      <object_component id="oc-64">
         <name>.debug_info</name>
         <load_address>0x107be</load_address>
         <run_address>0x107be</run_address>
         <size>0x190</size>
         <input_file_ref idref="fl-d6"/>
      </object_component>
      <object_component id="oc-147">
         <name>.debug_info</name>
         <load_address>0x1094e</load_address>
         <run_address>0x1094e</run_address>
         <size>0x39</size>
         <input_file_ref idref="fl-d6"/>
      </object_component>
      <object_component id="oc-1ec">
         <name>.debug_info</name>
         <load_address>0x10987</load_address>
         <run_address>0x10987</run_address>
         <size>0x39</size>
         <input_file_ref idref="fl-d6"/>
      </object_component>
      <object_component id="oc-14c">
         <name>.debug_info</name>
         <load_address>0x109c0</load_address>
         <run_address>0x109c0</run_address>
         <size>0xcd</size>
         <input_file_ref idref="fl-d6"/>
      </object_component>
      <object_component id="oc-143">
         <name>.debug_info</name>
         <load_address>0x10a8d</load_address>
         <run_address>0x10a8d</run_address>
         <size>0x37a</size>
         <input_file_ref idref="fl-d7"/>
      </object_component>
      <object_component id="oc-a5">
         <name>.debug_info</name>
         <load_address>0x10e07</load_address>
         <run_address>0x10e07</run_address>
         <size>0x183</size>
         <input_file_ref idref="fl-d7"/>
      </object_component>
      <object_component id="oc-1e7">
         <name>.debug_info</name>
         <load_address>0x10f8a</load_address>
         <run_address>0x10f8a</run_address>
         <size>0x2c</size>
         <input_file_ref idref="fl-d7"/>
      </object_component>
      <object_component id="oc-331">
         <name>.debug_info</name>
         <load_address>0x10fb6</load_address>
         <run_address>0x10fb6</run_address>
         <size>0xee</size>
         <input_file_ref idref="fl-d8"/>
      </object_component>
      <object_component id="oc-2df">
         <name>.debug_info</name>
         <load_address>0x110a4</load_address>
         <run_address>0x110a4</run_address>
         <size>0xfa</size>
         <input_file_ref idref="fl-d8"/>
      </object_component>
      <object_component id="oc-295">
         <name>.debug_info</name>
         <load_address>0x1119e</load_address>
         <run_address>0x1119e</run_address>
         <size>0x139</size>
         <input_file_ref idref="fl-d9"/>
      </object_component>
      <object_component id="oc-1bf">
         <name>.debug_info</name>
         <load_address>0x112d7</load_address>
         <run_address>0x112d7</run_address>
         <size>0xf7</size>
         <input_file_ref idref="fl-d9"/>
      </object_component>
      <object_component id="oc-2af">
         <name>.debug_info</name>
         <load_address>0x113ce</load_address>
         <run_address>0x113ce</run_address>
         <size>0x184</size>
         <input_file_ref idref="fl-d9"/>
      </object_component>
      <object_component id="oc-260">
         <name>.debug_info</name>
         <load_address>0x11552</load_address>
         <run_address>0x11552</run_address>
         <size>0x144</size>
         <input_file_ref idref="fl-da"/>
      </object_component>
      <object_component id="oc-23d">
         <name>.debug_info</name>
         <load_address>0x11696</load_address>
         <run_address>0x11696</run_address>
         <size>0x120</size>
         <input_file_ref idref="fl-db"/>
      </object_component>
      <object_component id="oc-24d">
         <name>.debug_info</name>
         <load_address>0x117b6</load_address>
         <run_address>0x117b6</run_address>
         <size>0x122</size>
         <input_file_ref idref="fl-db"/>
      </object_component>
      <object_component id="oc-246">
         <name>.debug_info</name>
         <load_address>0x118d8</load_address>
         <run_address>0x118d8</run_address>
         <size>0x132</size>
         <input_file_ref idref="fl-dc"/>
      </object_component>
      <object_component id="oc-241">
         <name>.debug_info</name>
         <load_address>0x11a0a</load_address>
         <run_address>0x11a0a</run_address>
         <size>0x132</size>
         <input_file_ref idref="fl-dd"/>
      </object_component>
      <object_component id="oc-251">
         <name>.debug_info</name>
         <load_address>0x11b3c</load_address>
         <run_address>0x11b3c</run_address>
         <size>0x126</size>
         <input_file_ref idref="fl-de"/>
      </object_component>
      <object_component id="oc-227">
         <name>.debug_info</name>
         <load_address>0x11c62</load_address>
         <run_address>0x11c62</run_address>
         <size>0x378</size>
         <input_file_ref idref="fl-df"/>
      </object_component>
      <object_component id="oc-1ad">
         <name>.debug_info</name>
         <load_address>0x11fda</load_address>
         <run_address>0x11fda</run_address>
         <size>0x23f</size>
         <input_file_ref idref="fl-df"/>
      </object_component>
      <object_component id="oc-235">
         <name>.debug_info</name>
         <load_address>0x12219</load_address>
         <run_address>0x12219</run_address>
         <size>0x43c</size>
         <input_file_ref idref="fl-e0"/>
      </object_component>
      <object_component id="oc-1b4">
         <name>.debug_info</name>
         <load_address>0x12655</load_address>
         <run_address>0x12655</run_address>
         <size>0x359</size>
         <input_file_ref idref="fl-e0"/>
      </object_component>
      <object_component id="oc-25b">
         <name>.debug_info</name>
         <load_address>0x129ae</load_address>
         <run_address>0x129ae</run_address>
         <size>0x124</size>
         <input_file_ref idref="fl-e1"/>
      </object_component>
      <object_component id="oc-2c7">
         <name>.debug_info</name>
         <load_address>0x12ad2</load_address>
         <run_address>0x12ad2</run_address>
         <size>0x2e6</size>
         <input_file_ref idref="fl-e2"/>
      </object_component>
      <object_component id="oc-256">
         <name>.debug_info</name>
         <load_address>0x12db8</load_address>
         <run_address>0x12db8</run_address>
         <size>0x1c2</size>
         <input_file_ref idref="fl-e2"/>
      </object_component>
      <object_component id="oc-2e4">
         <name>.debug_info</name>
         <load_address>0x12f7a</load_address>
         <run_address>0x12f7a</run_address>
         <size>0x28b</size>
         <input_file_ref idref="fl-e3"/>
      </object_component>
      <object_component id="oc-27f">
         <name>.debug_info</name>
         <load_address>0x13205</load_address>
         <run_address>0x13205</run_address>
         <size>0x1ab</size>
         <input_file_ref idref="fl-e3"/>
      </object_component>
      <object_component id="oc-2bd">
         <name>.debug_info</name>
         <load_address>0x133b0</load_address>
         <run_address>0x133b0</run_address>
         <size>0x29a</size>
         <input_file_ref idref="fl-e4"/>
      </object_component>
      <object_component id="oc-22f">
         <name>.debug_info</name>
         <load_address>0x1364a</load_address>
         <run_address>0x1364a</run_address>
         <size>0x242</size>
         <input_file_ref idref="fl-e4"/>
      </object_component>
      <object_component id="oc-2cb">
         <name>.debug_info</name>
         <load_address>0x1388c</load_address>
         <run_address>0x1388c</run_address>
         <size>0x2d9</size>
         <input_file_ref idref="fl-e5"/>
      </object_component>
      <object_component id="oc-265">
         <name>.debug_info</name>
         <load_address>0x13b65</load_address>
         <run_address>0x13b65</run_address>
         <size>0x18a</size>
         <input_file_ref idref="fl-e5"/>
      </object_component>
      <object_component id="oc-2cc">
         <name>.debug_info</name>
         <load_address>0x13cef</load_address>
         <run_address>0x13cef</run_address>
         <size>0x2c</size>
         <input_file_ref idref="fl-e5"/>
      </object_component>
      <object_component id="oc-2db">
         <name>.debug_info</name>
         <load_address>0x13d1b</load_address>
         <run_address>0x13d1b</run_address>
         <size>0x316</size>
         <input_file_ref idref="fl-e6"/>
      </object_component>
      <object_component id="oc-26b">
         <name>.debug_info</name>
         <load_address>0x14031</load_address>
         <run_address>0x14031</run_address>
         <size>0x1d5</size>
         <input_file_ref idref="fl-e6"/>
      </object_component>
      <object_component id="oc-ab">
         <name>.debug_info</name>
         <load_address>0x14206</load_address>
         <run_address>0x14206</run_address>
         <size>0x145</size>
         <input_file_ref idref="fl-e7"/>
      </object_component>
      <object_component id="oc-2dd">
         <name>.debug_info</name>
         <load_address>0x1434b</load_address>
         <run_address>0x1434b</run_address>
         <size>0x28f</size>
         <input_file_ref idref="fl-e8"/>
      </object_component>
      <object_component id="oc-271">
         <name>.debug_info</name>
         <load_address>0x145da</load_address>
         <run_address>0x145da</run_address>
         <size>0x244</size>
         <input_file_ref idref="fl-e8"/>
      </object_component>
      <object_component id="oc-2bb">
         <name>.debug_info</name>
         <load_address>0x1481e</load_address>
         <run_address>0x1481e</run_address>
         <size>0x284</size>
         <input_file_ref idref="fl-e9"/>
      </object_component>
      <object_component id="oc-22b">
         <name>.debug_info</name>
         <load_address>0x14aa2</load_address>
         <run_address>0x14aa2</run_address>
         <size>0x22a</size>
         <input_file_ref idref="fl-e9"/>
      </object_component>
      <object_component id="oc-239">
         <name>.debug_info</name>
         <load_address>0x14ccc</load_address>
         <run_address>0x14ccc</run_address>
         <size>0x17d</size>
         <input_file_ref idref="fl-ea"/>
      </object_component>
      <object_component id="oc-2b7">
         <name>.debug_info</name>
         <load_address>0x14e49</load_address>
         <run_address>0x14e49</run_address>
         <size>0x4c5</size>
         <input_file_ref idref="fl-eb"/>
      </object_component>
      <object_component id="oc-310">
         <name>.debug_info</name>
         <load_address>0x1530e</load_address>
         <run_address>0x1530e</run_address>
         <size>0xf8</size>
         <input_file_ref idref="fl-eb"/>
      </object_component>
      <object_component id="oc-2b4">
         <name>.debug_info</name>
         <load_address>0x15406</load_address>
         <run_address>0x15406</run_address>
         <size>0xf8</size>
         <input_file_ref idref="fl-eb"/>
      </object_component>
      <object_component id="oc-221">
         <name>.debug_info</name>
         <load_address>0x154fe</load_address>
[...]
      </symbol>
      <symbol id="sm-33a">
         <name>main_func_sp</name>
         <value>0x20000644</value>
         <object_component_ref idref="oc-74"/>
      </symbol>
      <symbol id="sm-353">
         <name>_nop</name>
         <value>0x38f7</value>
         <object_component_ref idref="oc-15a"/>
      </symbol>
      <symbol id="sm-354">
         <name>_lock</name>
         <value>0x20000630</value>
         <object_component_ref idref="oc-b6"/>
      </symbol>
      <symbol id="sm-355">
         <name>_unlock</name>
         <value>0x20000634</value>
         <object_component_ref idref="oc-b6"/>
      </symbol>
      <symbol id="sm-356">
         <name>_register_lock</name>
         <value>0x38ef</value>
         <object_component_ref idref="oc-15a"/>
      </symbol>
      <symbol id="sm-357">
         <name>_register_unlock</name>
         <value>0x38e9</value>
         <object_component_ref idref="oc-15a"/>
      </symbol>
      <symbol id="sm-45d">
         <name>__TI_printfi</name>
         <value>0x929</value>
         <object_component_ref idref="oc-1b8"/>
      </symbol>
      <symbol id="sm-471">
         <name>_args_main</name>
         <value>0x38a1</value>
         <object_component_ref idref="oc-68"/>
      </symbol>
      <symbol id="sm-487">
         <name>atoi</name>
         <value>0x352d</value>
         <object_component_ref idref="oc-276"/>
      </symbol>
      <symbol id="sm-4b1">
         <name>__TI_auto_init</name>
         <value>0x2db5</value>
         <object_component_ref idref="oc-62"/>
      </symbol>
      <symbol id="sm-4cb">
         <name>copy_in</name>
         <value>0x3579</value>
         <object_component_ref idref="oc-a3"/>
      </symbol>
      <symbol id="sm-4d6">
         <name>_ctypes_</name>
         <value>0x39c4</value>
         <object_component_ref idref="oc-2de"/>
      </symbol>
      <symbol id="sm-4eb">
         <name>__TI_tmpnams</name>
         <value>0x2000076c</value>
      </symbol>
      <symbol id="sm-4ec">
         <name>__aeabi_stdout</name>
         <value>0x20000604</value>
         <object_component_ref idref="oc-2ae"/>
      </symbol>
      <symbol id="sm-4ed">
         <name>__aeabi_stderr</name>
         <value>0x20000608</value>
         <object_component_ref idref="oc-2ae"/>
      </symbol>
      <symbol id="sm-4ee">
         <name>__aeabi_stdin</name>
         <value>0x20000600</value>
         <object_component_ref idref="oc-2ae"/>
      </symbol>
      <symbol id="sm-4ef">
         <name>_ftable</name>
         <value>0x20000400</value>
         <object_component_ref idref="oc-1be"/>
      </symbol>
      <symbol id="sm-4f0">
         <name>__TI_ft_end</name>
         <value>0x200005fc</value>
         <object_component_ref idref="oc-2ae"/>
      </symbol>
      <symbol id="sm-507">
         <name>__aeabi_dsub</name>
         <value>0x1cd9</value>
         <object_component_ref idref="oc-25f"/>
      </symbol>
      <symbol id="sm-508">
         <name>__aeabi_dadd</name>
         <value>0x1ce3</value>
         <object_component_ref idref="oc-25f"/>
      </symbol>
      <symbol id="sm-52a">
         <name>__aeabi_cdcmpeq</name>
         <value>0x2c2d</value>
         <object_component_ref idref="oc-23b"/>
      </symbol>
      <symbol id="sm-52b">
         <name>__aeabi_cdcmple</name>
         <value>0x2c2d</value>
         <object_component_ref idref="oc-23b"/>
      </symbol>
      <symbol id="sm-52c">
         <name>__aeabi_cdrcmple</name>
         <value>0x2cb3</value>
         <object_component_ref idref="oc-24a"/>
      </symbol>
      <symbol id="sm-540">
         <name>__aeabi_ddiv</name>
         <value>0x215d</value>
         <object_component_ref idref="oc-245"/>
      </symbol>
      <symbol id="sm-54b">
         <name>__aeabi_dmul</name>
         <value>0x23c9</value>
         <object_component_ref idref="oc-240"/>
      </symbol>
      <symbol id="sm-555">
         <name>__aeabi_d2iz</name>
         <value>0x35c5</value>
         <object_component_ref idref="oc-24f"/>
      </symbol>
      <symbol id="sm-56c">
         <name>putc</name>
         <value>0x2b95</value>
         <object_component_ref idref="oc-1ac"/>
      </symbol>
      <symbol id="sm-56d">
         <name>fputc</name>
         <value>0x2b95</value>
         <object_component_ref idref="oc-1ac"/>
      </symbol>
      <symbol id="sm-56e">
         <name>putchar</name>
         <value>0x2c19</value>
         <object_component_ref idref="oc-1ac"/>
      </symbol>
      <symbol id="sm-590">
         <name>puts</name>
         <value>0x23a1</value>
         <object_component_ref idref="oc-1b2"/>
      </symbol>
      <symbol id="sm-591">
         <name>fputs</name>
         <value>0x2295</value>
         <object_component_ref idref="oc-1b2"/>
      </symbol>
      <symbol id="sm-59b">
         <name>__aeabi_i2d</name>
         <value>0x377d</value>
         <object_component_ref idref="oc-25a"/>
      </symbol>
      <symbol id="sm-5aa">
         <name>ltoa</name>
         <value>0x343d</value>
         <object_component_ref idref="oc-254"/>
      </symbol>
      <symbol id="sm-5ba">
         <name>memccpy</name>
         <value>0x386d</value>
         <object_component_ref idref="oc-27c"/>
      </symbol>
      <symbol id="sm-5ca">
         <name>memchr</name>
         <value>0x384d</value>
         <object_component_ref idref="oc-22e"/>
      </symbol>
      <symbol id="sm-5e5">
         <name>frexpl</name>
         <value>0x3171</value>
         <object_component_ref idref="oc-264"/>
      </symbol>
      <symbol id="sm-5e6">
         <name>frexp</name>
         <value>0x3171</value>
         <object_component_ref idref="oc-264"/>
      </symbol>
      <symbol id="sm-603">
         <name>scalbn</name>
         <value>0x24c5</value>
         <object_component_ref idref="oc-26a"/>
      </symbol>
      <symbol id="sm-604">
         <name>scalbnl</name>
         <value>0x24c5</value>
         <object_component_ref idref="oc-26a"/>
      </symbol>
      <symbol id="sm-605">
         <name>ldexpl</name>
         <value>0x24c5</value>
         <object_component_ref idref="oc-26a"/>
      </symbol>
      <symbol id="sm-606">
         <name>ldexp</name>
         <value>0x24c5</value>
         <object_component_ref idref="oc-26a"/>
      </symbol>
      <symbol id="sm-610">
         <name>_system_post_cinit</name>
         <value>0x1e8f</value>
         <object_component_ref idref="oc-a9"/>
      </symbol>
      <symbol id="sm-620">
         <name>strchr</name>
         <value>0x38d1</value>
         <object_component_ref idref="oc-270"/>
      </symbol>
      <symbol id="sm-62e">
         <name>strlen</name>
         <value>0x3925</value>
         <object_component_ref idref="oc-228"/>
      </symbol>
      <symbol id="sm-64a">
         <name>__aeabi_uldivmod</name>
         <value>0x1921</value>
         <object_component_ref idref="oc-236"/>
      </symbol>
      <symbol id="sm-670">
         <name>_stream</name>
         <value>0x20000568</value>
         <object_component_ref idref="oc-2b3"/>
      </symbol>
      <symbol id="sm-671">
         <name>_device</name>
         <value>0x200004f0</value>
         <object_component_ref idref="oc-30f"/>
      </symbol>
      <symbol id="sm-672">
         <name>write</name>
         <value>0x3801</value>
         <object_component_ref idref="oc-220"/>
      </symbol>
      <symbol id="sm-690">
         <name>__TI_wrt_ok</name>
         <value>0x29b3</value>
         <object_component_ref idref="oc-214"/>
      </symbol>
      <symbol id="sm-691">
         <name>__TI_rd_ok</name>
         <value>0x2a15</value>
         <object_component_ref idref="oc-214"/>
      </symbol>
      <symbol id="sm-699">
         <name>errno</name>
         <value>0x20000638</value>
         <object_component_ref idref="oc-2d7"/>
      </symbol>
      <symbol id="sm-6b3">
         <name>__TI_doflush</name>
         <value>0x277d</value>
         <object_component_ref idref="oc-21a"/>
      </symbol>
      <symbol id="sm-6b4">
         <name>fflush</name>
         <value>0x27c9</value>
         <object_component_ref idref="oc-21a"/>
      </symbol>
      <symbol id="sm-6c6">
         <name>fseek</name>
         <value>0x310d</value>
         <object_component_ref idref="oc-2a0"/>
      </symbol>
      <symbol id="sm-6d7">
         <name>HOSTclose</name>
         <value>0x3651</value>
         <object_component_ref idref="oc-355"/>
      </symbol>
      <symbol id="sm-6e8">
         <name>HOSTlseek</name>
         <value>0x2fd9</value>
         <object_component_ref idref="oc-367"/>
      </symbol>
      <symbol id="sm-6fa">
         <name>parmbuf</name>
         <value>0x2000080c</value>
      </symbol>
      <symbol id="sm-6fb">
         <name>HOSTopen</name>
         <value>0x31d5</value>
         <object_component_ref idref="oc-34f"/>
      </symbol>
      <symbol id="sm-70c">
         <name>HOSTread</name>
         <value>0x3291</value>
         <object_component_ref idref="oc-35b"/>
      </symbol>
      <symbol id="sm-71d">
         <name>HOSTrename</name>
         <value>0x2f05</value>
         <object_component_ref idref="oc-373"/>
      </symbol>
      <symbol id="sm-72e">
         <name>HOSTunlink</name>
         <value>0x3695</value>
         <object_component_ref idref="oc-36d"/>
      </symbol>
      <symbol id="sm-73f">
         <name>HOSTwrite</name>
         <value>0x32e9</value>
         <object_component_ref idref="oc-361"/>
      </symbol>
      <symbol id="sm-74f">
         <name>lseek</name>
         <value>0x37d9</value>
         <object_component_ref idref="oc-2ee"/>
      </symbol>
      <symbol id="sm-759">
         <name>copysign</name>
         <value>0x38fd</value>
         <object_component_ref idref="oc-2d1"/>
      </symbol>
      <symbol id="sm-75a">
         <name>copysignl</name>
         <value>0x38fd</value>
         <object_component_ref idref="oc-2d1"/>
      </symbol>
      <symbol id="sm-776">
         <name>setvbuf</name>
         <value>0x26a1</value>
         <object_component_ref idref="oc-2a6"/>
      </symbol>
      <symbol id="sm-784">
         <name>strcpy</name>
         <value>0x3911</value>
         <object_component_ref idref="oc-3af"/>
      </symbol>
      <symbol id="sm-79f">
         <name>__TI_readmsg</name>
         <value>0x3073</value>
         <object_component_ref idref="oc-39b"/>
      </symbol>
      <symbol id="sm-7a0">
         <name>C$$IO$$</name>
         <value>0x306f</value>
         <object_component_ref idref="oc-39b"/>
      </symbol>
      <symbol id="sm-7a1">
         <name>__CIOBUF_</name>
         <value>0x2000064c</value>
         <object_component_ref idref="oc-3cd"/>
      </symbol>
      <symbol id="sm-7a2">
         <name>__TI_writemsg</name>
         <value>0x3041</value>
         <object_component_ref idref="oc-39b"/>
      </symbol>
      <symbol id="sm-7d9">
         <name>__TI_cleanup</name>
         <value>0x1bdd</value>
         <object_component_ref idref="oc-2fc"/>
      </symbol>
      <symbol id="sm-7da">
         <name>freopen</name>
         <value>0x1c09</value>
         <object_component_ref idref="oc-2fc"/>
      </symbol>
      <symbol id="sm-7db">
         <name>fopen</name>
         <value>0x1c33</value>
         <object_component_ref idref="oc-2fc"/>
      </symbol>
      <symbol id="sm-84a">
         <name>_sys_memory</name>
         <value>0x20000000</value>
         <object_component_ref idref="oc-30"/>
      </symbol>
      <symbol id="sm-84b">
         <name>free</name>
         <value>0x130f</value>
         <object_component_ref idref="oc-2f6"/>
      </symbol>
      <symbol id="sm-84c">
         <name>realloc</name>
         <value>0x13d1</value>
         <object_component_ref idref="oc-2f6"/>
      </symbol>
      <symbol id="sm-84d">
         <name>memalign</name>
         <value>0x14d9</value>
         <object_component_ref idref="oc-2f6"/>
      </symbol>
      <symbol id="sm-84e">
         <name>calloc</name>
         <value>0x15c5</value>
         <object_component_ref idref="oc-2f6"/>
      </symbol>
      <symbol id="sm-84f">
         <name>malloc</name>
         <value>0x12a5</value>
         <object_component_ref idref="oc-2f6"/>
      </symbol>
      <symbol id="sm-850">
         <name>minit</name>
         <value>0x1225</value>
         <object_component_ref idref="oc-2f6"/>
      </symbol>
      <symbol id="sm-86d">
         <name>open</name>
         <value>0x2845</value>
         <object_component_ref idref="oc-33e"/>
      </symbol>
      <symbol id="sm-883">
         <name>__TI_closefile</name>
         <value>0x2afd</value>
         <object_component_ref idref="oc-344"/>
      </symbol>
      <symbol id="sm-884">
         <name>fclose</name>
         <value>0x2b63</value>
         <object_component_ref idref="oc-344"/>
      </symbol>
      <symbol id="sm-89e">
         <name>finddevice</name>
         <value>0x2e25</value>
         <object_component_ref idref="oc-381"/>
      </symbol>
      <symbol id="sm-89f">
         <name>getdevice</name>
         <value>0x2e4f</value>
         <object_component_ref idref="oc-381"/>
      </symbol>
      <symbol id="sm-8af">
         <name>strcmp</name>
         <value>0x38b9</value>
         <object_component_ref idref="oc-3b7"/>
      </symbol>
      <symbol id="sm-8bf">
         <name>strncpy</name>
         <value>0x3717</value>
         <object_component_ref idref="oc-3bd"/>
      </symbol>
      <symbol id="sm-8cf">
         <name>unlink</name>
         <value>0x37ad</value>
         <object_component_ref idref="oc-390"/>
      </symbol>
      <symbol id="sm-8e3">
         <name>close</name>
         <value>0x3235</value>
         <object_component_ref idref="oc-38a"/>
      </symbol>
      <symbol id="sm-8e4">
         <name>__TI_static_base__</name>
         <value>0x0</value>
      </symbol>
      <symbol id="sm-8e7">
         <name>SHT$$INIT_ARRAY$$Limit</name>
         <value>0x0</value>
      </symbol>
      <symbol id="sm-8e8">
         <name>SHT$$INIT_ARRAY$$Base</name>
         <value>0x0</value>
      </symbol>
      <symbol id="sm-8e9">
         <name>NMI_Handler</name>
         <value>0x3981</value>
      </symbol>
      <symbol id="sm-8ea">
         <name>HardFault_Handler</name>
         <value>0x3981</value>
      </symbol>
      <symbol id="sm-8eb">
         <name>MemManage_Handler</name>
         <value>0x3981</value>
      </symbol>
      <symbol id="sm-8ec">
         <name>BusFault_Handler</name>
         <value>0x3981</value>
      </symbol>
      <symbol id="sm-8ed">
         <name>UsageFault_Handler</name>
         <value>0x3981</value>
      </symbol>
      <symbol id="sm-8ee">
         <name>SVC_Handler</name>
         <value>0x3981</value>
      </symbol>
      <symbol id="sm-8ef">
         <name>DebugMon_Handler</name>
         <value>0x3981</value>
      </symbol>
      <symbol id="sm-8f0">
         <name>PendSV_Handler</name>
         <value>0x3981</value>
      </symbol>
      <symbol id="sm-8f1">
         <name>SysTick_Handler</name>
         <value>0x3981</value>
      </symbol>
      <symbol id="sm-8f2">
         <name>PSS_IRQHandler</name>
         <value>0x3981</value>
      </symbol>
      <symbol id="sm-8f3">
         <name>CS_IRQHandler</name>
         <value>0x3981</value>
      </symbol>
      <symbol id="sm-8f4">
         <name>PCM_IRQHandler</name>
         <value>0x3981</value>
      </symbol>
      <symbol id="sm-8f5">
         <name>WDT_A_IRQHandler</name>
         <value>0x3981</value>
      </symbol>
      <symbol id="sm-8f6">
         <name>FPU_IRQHandler</name>
         <value>0x3981</value>
      </symbol>
      <symbol id="sm-8f7">
         <name>FLCTL_IRQHandler</name>
         <value>0x3981</value>
      </symbol>
      <symbol id="sm-8f8">
         <name>COMP_E0_IRQHandler</name>
         <value>0x3981</value>
      </symbol>
      <symbol id="sm-8f9">
         <name>COMP_E1_IRQHandler</name>
         <value>0x3981</value>
      </symbol>
      <symbol id="sm-8fa">
         <name>TA0_0_IRQHandler</name>
         <value>0x3981</value>
      </symbol>
      <symbol id="sm-8fb">
         <name>TA0_N_IRQHandler</name>
         <value>0x3981</value>
      </symbol>
      <symbol id="sm-8fc">
         <name>TA1_0_IRQHandler</name>
         <value>0x3981</value>
      </symbol>
      <symbol id="sm-8fd">
         <name>TA1_N_IRQHandler</name>
         <value>0x1f45</value>
      </symbol>
      <symbol id="sm-8fe">
         <name>TA2_0_IRQHandler</name>
         <value>0x3981</value>
      </symbol>
      <symbol id="sm-8ff">
         <name>TA2_N_IRQHandler</name>
         <value>0x3981</value>
      </symbol>
      <symbol id="sm-900">
         <name>TA3_0_IRQHandler</name>
         <value>0x3981</value>
      </symbol>
      <symbol id="sm-901">
         <name>TA3_N_IRQHandler</name>
         <value>0x3981</value>
      </symbol>
      <symbol id="sm-902">
         <name>EUSCIA0_IRQHandler</name>
         <value>0x3981</value>
      </symbol>
      <symbol id="sm-903">
         <name>EUSCIA1_IRQHandler</name>
         <value>0x3981</value>
      </symbol>
      <symbol id="sm-904">
         <name>EUSCIA2_IRQHandler</name>
         <value>0x3981</value>
      </symbol>
      <symbol id="sm-905">
         <name>EUSCIA3_IRQHandler</name>
         <value>0x3981</value>
      </symbol>
      <symbol id="sm-906">
         <name>EUSCIB0_IRQHandler</name>
         <value>0x3981</value>
      </symbol>
      <symbol id="sm-907">
         <name>EUSCIB1_IRQHandler</name>
         <value>0x3981</value>
      </symbol>
      <symbol id="sm-908">
         <name>EUSCIB2_IRQHandler</name>
         <value>0x3981</value>
      </symbol>
      <symbol id="sm-909">
         <name>EUSCIB3_IRQHandler</name>
         <value>0x3981</value>
      </symbol>
      <symbol id="sm-90a">
         <name>ADC14_IRQHandler</name>
         <value>0x3981</value>
      </symbol>
      <symbol id="sm-90b">
         <name>T32_INT1_IRQHandler</name>
         <value>0x3981</value>
      </symbol>
      <symbol id="sm-90c">
         <name>T32_INT2_IRQHandler</name>
         <value>0x3981</value>
      </symbol>
      <symbol id="sm-90d">
         <name>T32_INTC_IRQHandler</name>
         <value>0x3981</value>
      </symbol>
      <symbol id="sm-90e">
         <name>AES256_IRQHandler</name>
         <value>0x3981</value>
      </symbol>
      <symbol id="sm-90f">
         <name>RTC_C_IRQHandler</name>
         <value>0x3981</value>
      </symbol>
      <symbol id="sm-910">
         <name>DMA_ERR_IRQHandler</name>
         <value>0x3981</value>
      </symbol>
      <symbol id="sm-911">
         <name>DMA_INT3_IRQHandler</name>
         <value>0x3981</value>
      </symbol>
      <symbol id="sm-912">
         <name>DMA_INT2_IRQHandler</name>
         <value>0x3981</value>
      </symbol>
      <symbol id="sm-913">
         <name>DMA_INT1_IRQHandler</name>
         <value>0x3981</value>
      </symbol>
      <symbol id="sm-914">
         <name>DMA_INT0_IRQHandler</name>
         <value>0x3981</value>
      </symbol>
      <symbol id="sm-915">
         <name>PORT1_IRQHandler</name>
         <value>0x3981</value>
      </symbol>
      <symbol id="sm-916">
         <name>PORT2_IRQHandler</name>
         <value>0x3981</value>
      </symbol>
      <symbol id="sm-917">
         <name>PORT3_IRQHandler</name>
         <value>0x3981</value>
      </symbol>
      <symbol id="sm-918">
         <name>PORT4_IRQHandler</name>
         <value>0x3981</value>
      </symbol>
      <symbol id="sm-919">
         <name>PORT5_IRQHandler</name>
         <value>0x3981</value>
      </symbol>
      <symbol id="sm-91a">
         <name>PORT6_IRQHandler</name>
         <value>0x3981</value>
      </symbol>
      <symbol id="sm-91b">
         <name>remove</name>
         <value>0x37ad</value>
      </symbol>
   </symbol_table>
   <title>Link successful</title>
</link_info>
